Archive member included because of file (symbol)

d:/engineer programs/amit/tools/sdk_win_64/sdk_win_64/sdk_win_64/winavr/bin/../lib/gcc/avr/4.3.3/avr5\libgcc.a(_mulsi3.o)
                              ./HAL/HULTRASONIC/HULTRASONIC_Program.o (__mulsi3)
d:/engineer programs/amit/tools/sdk_win_64/sdk_win_64/sdk_win_64/winavr/bin/../lib/gcc/avr/4.3.3/avr5\libgcc.a(_udivmodhi4.o)
                              ./MCAL/MTIMER0/MTIMER0_Program.o (__udivmodhi4)
d:/engineer programs/amit/tools/sdk_win_64/sdk_win_64/sdk_win_64/winavr/bin/../lib/gcc/avr/4.3.3/avr5\libgcc.a(_udivmodsi4.o)
                              ./HAL/HULTRASONIC/HULTRASONIC_Program.o (__udivmodsi4)
d:/engineer programs/amit/tools/sdk_win_64/sdk_win_64/sdk_win_64/winavr/bin/../lib/gcc/avr/4.3.3/avr5\libgcc.a(_exit.o)
                              d:/engineer programs/amit/tools/sdk_win_64/sdk_win_64/sdk_win_64/winavr/bin/../lib/gcc/avr/4.3.3/../../../../avr/lib/avr5/crtm32.o (exit)
d:/engineer programs/amit/tools/sdk_win_64/sdk_win_64/sdk_win_64/winavr/bin/../lib/gcc/avr/4.3.3/avr5\libgcc.a(_copy_data.o)
                              ./HAL/HKPD/HKPD_Program.o (__do_copy_data)
d:/engineer programs/amit/tools/sdk_win_64/sdk_win_64/sdk_win_64/winavr/bin/../lib/gcc/avr/4.3.3/avr5\libgcc.a(_clear_bss.o)
                              ./MCAL/MUART/MUART_Program.o (__do_clear_bss)
d:/engineer programs/amit/tools/sdk_win_64/sdk_win_64/sdk_win_64/winavr/bin/../lib/gcc/avr/4.3.3/avr5\libgcc.a(_fixunssfsi.o)
                              ./HAL/HULTRASONIC/HULTRASONIC_Program.o (__fixunssfsi)
d:/engineer programs/amit/tools/sdk_win_64/sdk_win_64/sdk_win_64/winavr/bin/../lib/gcc/avr/4.3.3/avr5\libgcc.a(_addsub_sf.o)
                              d:/engineer programs/amit/tools/sdk_win_64/sdk_win_64/sdk_win_64/winavr/bin/../lib/gcc/avr/4.3.3/avr5\libgcc.a(_fixunssfsi.o) (__subsf3)
d:/engineer programs/amit/tools/sdk_win_64/sdk_win_64/sdk_win_64/winavr/bin/../lib/gcc/avr/4.3.3/avr5\libgcc.a(_mul_sf.o)
                              ./HAL/HULTRASONIC/HULTRASONIC_Program.o (__mulsf3)
d:/engineer programs/amit/tools/sdk_win_64/sdk_win_64/sdk_win_64/winavr/bin/../lib/gcc/avr/4.3.3/avr5\libgcc.a(_div_sf.o)
                              ./HAL/HULTRASONIC/HULTRASONIC_Program.o (__divsf3)
d:/engineer programs/amit/tools/sdk_win_64/sdk_win_64/sdk_win_64/winavr/bin/../lib/gcc/avr/4.3.3/avr5\libgcc.a(_gt_sf.o)
                              ./HAL/HULTRASONIC/HULTRASONIC_Program.o (__gtsf2)
d:/engineer programs/amit/tools/sdk_win_64/sdk_win_64/sdk_win_64/winavr/bin/../lib/gcc/avr/4.3.3/avr5\libgcc.a(_ge_sf.o)
                              d:/engineer programs/amit/tools/sdk_win_64/sdk_win_64/sdk_win_64/winavr/bin/../lib/gcc/avr/4.3.3/avr5\libgcc.a(_fixunssfsi.o) (__gesf2)
d:/engineer programs/amit/tools/sdk_win_64/sdk_win_64/sdk_win_64/winavr/bin/../lib/gcc/avr/4.3.3/avr5\libgcc.a(_lt_sf.o)
                              ./HAL/HULTRASONIC/HULTRASONIC_Program.o (__ltsf2)
d:/engineer programs/amit/tools/sdk_win_64/sdk_win_64/sdk_win_64/winavr/bin/../lib/gcc/avr/4.3.3/avr5\libgcc.a(_sf_to_si.o)
                              d:/engineer programs/amit/tools/sdk_win_64/sdk_win_64/sdk_win_64/winavr/bin/../lib/gcc/avr/4.3.3/avr5\libgcc.a(_fixunssfsi.o) (__fixsfsi)
d:/engineer programs/amit/tools/sdk_win_64/sdk_win_64/sdk_win_64/winavr/bin/../lib/gcc/avr/4.3.3/avr5\libgcc.a(_thenan_sf.o)
                              d:/engineer programs/amit/tools/sdk_win_64/sdk_win_64/sdk_win_64/winavr/bin/../lib/gcc/avr/4.3.3/avr5\libgcc.a(_addsub_sf.o) (__thenan_sf)
d:/engineer programs/amit/tools/sdk_win_64/sdk_win_64/sdk_win_64/winavr/bin/../lib/gcc/avr/4.3.3/avr5\libgcc.a(_usi_to_sf.o)
                              ./HAL/HTEMPERATURE/HTEMPERATURE_Program.o (__floatunsisf)
d:/engineer programs/amit/tools/sdk_win_64/sdk_win_64/sdk_win_64/winavr/bin/../lib/gcc/avr/4.3.3/avr5\libgcc.a(_prologue.o)
                              d:/engineer programs/amit/tools/sdk_win_64/sdk_win_64/sdk_win_64/winavr/bin/../lib/gcc/avr/4.3.3/avr5\libgcc.a(_addsub_sf.o) (__prologue_saves__)
d:/engineer programs/amit/tools/sdk_win_64/sdk_win_64/sdk_win_64/winavr/bin/../lib/gcc/avr/4.3.3/avr5\libgcc.a(_epilogue.o)
                              d:/engineer programs/amit/tools/sdk_win_64/sdk_win_64/sdk_win_64/winavr/bin/../lib/gcc/avr/4.3.3/avr5\libgcc.a(_addsub_sf.o) (__epilogue_restores__)
d:/engineer programs/amit/tools/sdk_win_64/sdk_win_64/sdk_win_64/winavr/bin/../lib/gcc/avr/4.3.3/avr5\libgcc.a(_clzsi2.o)
                              d:/engineer programs/amit/tools/sdk_win_64/sdk_win_64/sdk_win_64/winavr/bin/../lib/gcc/avr/4.3.3/avr5\libgcc.a(_usi_to_sf.o) (__clzsi2)
d:/engineer programs/amit/tools/sdk_win_64/sdk_win_64/sdk_win_64/winavr/bin/../lib/gcc/avr/4.3.3/avr5\libgcc.a(_pack_sf.o)
                              d:/engineer programs/amit/tools/sdk_win_64/sdk_win_64/sdk_win_64/winavr/bin/../lib/gcc/avr/4.3.3/avr5\libgcc.a(_addsub_sf.o) (__pack_f)
d:/engineer programs/amit/tools/sdk_win_64/sdk_win_64/sdk_win_64/winavr/bin/../lib/gcc/avr/4.3.3/avr5\libgcc.a(_unpack_sf.o)
                              d:/engineer programs/amit/tools/sdk_win_64/sdk_win_64/sdk_win_64/winavr/bin/../lib/gcc/avr/4.3.3/avr5\libgcc.a(_addsub_sf.o) (__unpack_f)
d:/engineer programs/amit/tools/sdk_win_64/sdk_win_64/sdk_win_64/winavr/bin/../lib/gcc/avr/4.3.3/avr5\libgcc.a(_fpcmp_parts_sf.o)
                              d:/engineer programs/amit/tools/sdk_win_64/sdk_win_64/sdk_win_64/winavr/bin/../lib/gcc/avr/4.3.3/avr5\libgcc.a(_gt_sf.o) (__fpcmp_parts_f)
d:/engineer programs/amit/tools/sdk_win_64/sdk_win_64/sdk_win_64/winavr/bin/../lib/gcc/avr/4.3.3/avr5\libgcc.a(_clz.o)
                              d:/engineer programs/amit/tools/sdk_win_64/sdk_win_64/sdk_win_64/winavr/bin/../lib/gcc/avr/4.3.3/avr5\libgcc.a(_clzsi2.o) (__clz_tab)

Allocating common symbols
Common symbol       size              file

CALLBACK            0x2               ./MCAL/MUART/MUART_Program.o
MADC_CALLBACK       0x2               ./MCAL/MADC/MADC_Program.o
MTIMER2_CALLBACK    0x2               ./MCAL/MTIMER2/MTIMER2_Program.o
MTIMER0_CALLBACK    0x2               ./MCAL/MTIMER0/MTIMER0_Program.o
MSPI_CALLBACK       0x2               ./MCAL/MSPI/MSPI_Program.o
MTIMER1_CALLBACK    0x2               ./MCAL/MTIMER1/MTIMER1_Program.o

Memory Configuration

Name             Origin             Length             Attributes
text             0x00000000         0x00020000         xr
data             0x00800060         0x0000ffa0         rw !x
eeprom           0x00810000         0x00010000         rw !x
fuse             0x00820000         0x00000400         rw !x
lock             0x00830000         0x00000400         rw !x
signature        0x00840000         0x00000400         rw !x
*default*        0x00000000         0xffffffff

Linker script and memory map

LOAD d:/engineer programs/amit/tools/sdk_win_64/sdk_win_64/sdk_win_64/winavr/bin/../lib/gcc/avr/4.3.3/../../../../avr/lib/avr5/crtm32.o
LOAD ./MCAL/MUART/MUART_Program.o
LOAD ./MCAL/MTWI/MI2C_Program.o
LOAD ./MCAL/MTIMER2/MTIMER2_Program.o
LOAD ./MCAL/MTIMER1/MTIMER1_Program.o
LOAD ./MCAL/MTIMER0/MTIMER0_Program.o
LOAD ./MCAL/MSPI/MSPI_Program.o
LOAD ./MCAL/MGIE/MGIE_Program.o
LOAD ./MCAL/MEXTI/MEXTI_Program.o
LOAD ./MCAL/MDIO/MDIO_Program.o
LOAD ./MCAL/MADC/MADC_Program.o
LOAD ./HAL/HULTRASONIC/HULTRASONIC_Program.o
LOAD ./HAL/HTEMPERATURE/HTEMPERATURE_Program.o
LOAD ./HAL/HSTEPPER/HStepper_Program.o
LOAD ./HAL/HSERVO/HSERVO_Program.o
LOAD ./HAL/HLED/HLED_Program.o
LOAD ./HAL/HLDR/HLDR_Program.o
LOAD ./HAL/HKPD/HKPD_Program.o
LOAD ./HAL/HEEPROM/HEEPROM_Program.o
LOAD ./HAL/HDFPLAYER/HDFPLAYER_Program.o
LOAD ./HAL/HCLCD/HCLCD_Program.o
LOAD ./HAL/HBUZZER/HBUZZER_Program.o
LOAD ./HAL/HBUTTON/HBUTTON_Progam.o
LOAD ./main.o
LOAD d:/engineer programs/amit/tools/sdk_win_64/sdk_win_64/sdk_win_64/winavr/bin/../lib/gcc/avr/4.3.3/avr5\libgcc.a
LOAD d:/engineer programs/amit/tools/sdk_win_64/sdk_win_64/sdk_win_64/winavr/bin/../lib/gcc/avr/4.3.3/../../../../avr/lib/avr5\libc.a
LOAD d:/engineer programs/amit/tools/sdk_win_64/sdk_win_64/sdk_win_64/winavr/bin/../lib/gcc/avr/4.3.3/avr5\libgcc.a

.hash
 *(.hash)

.dynsym
 *(.dynsym)

.dynstr
 *(.dynstr)

.gnu.version
 *(.gnu.version)

.gnu.version_d
 *(.gnu.version_d)

.gnu.version_r
 *(.gnu.version_r)

.rel.init
 *(.rel.init)

.rela.init
 *(.rela.init)

.rel.text
 *(.rel.text)
 *(.rel.text.*)
 *(.rel.gnu.linkonce.t*)

.rela.text
 *(.rela.text)
 *(.rela.text.*)
 *(.rela.gnu.linkonce.t*)

.rel.fini
 *(.rel.fini)

.rela.fini
 *(.rela.fini)

.rel.rodata
 *(.rel.rodata)
 *(.rel.rodata.*)
 *(.rel.gnu.linkonce.r*)

.rela.rodata
 *(.rela.rodata)
 *(.rela.rodata.*)
 *(.rela.gnu.linkonce.r*)

.rel.data
 *(.rel.data)
 *(.rel.data.*)
 *(.rel.gnu.linkonce.d*)

.rela.data
 *(.rela.data)
 *(.rela.data.*)
 *(.rela.gnu.linkonce.d*)

.rel.ctors
 *(.rel.ctors)

.rela.ctors
 *(.rela.ctors)

.rel.dtors
 *(.rel.dtors)

.rela.dtors
 *(.rela.dtors)

.rel.got
 *(.rel.got)

.rela.got
 *(.rela.got)

.rel.bss
 *(.rel.bss)

.rela.bss
 *(.rela.bss)

.rel.plt
 *(.rel.plt)

.rela.plt
 *(.rela.plt)

.text           0x00000000     0x5ea4
 *(.vectors)
 .vectors       0x00000000       0x54 d:/engineer programs/amit/tools/sdk_win_64/sdk_win_64/sdk_win_64/winavr/bin/../lib/gcc/avr/4.3.3/../../../../avr/lib/avr5/crtm32.o
                0x00000000                __vectors
                0x00000000                __vector_default
 *(.vectors)
 *(.progmem.gcc*)
 *(.progmem*)
                0x00000054                . = ALIGN (0x2)
                0x00000054                __trampolines_start = .
 *(.trampolines)
 .trampolines   0x00000054        0x0 linker stubs
 *(.trampolines*)
                0x00000054                __trampolines_end = .
 *(.jumptables)
 *(.jumptables*)
 *(.lowtext)
 *(.lowtext*)
                0x00000054                __ctors_start = .
 *(.ctors)
                0x00000054                __ctors_end = .
                0x00000054                __dtors_start = .
 *(.dtors)
                0x00000054                __dtors_end = .
 SORT(*)(.ctors)
 SORT(*)(.dtors)
 *(.init0)
 .init0         0x00000054        0x0 d:/engineer programs/amit/tools/sdk_win_64/sdk_win_64/sdk_win_64/winavr/bin/../lib/gcc/avr/4.3.3/../../../../avr/lib/avr5/crtm32.o
                0x00000054                __init
 *(.init0)
 *(.init1)
 *(.init1)
 *(.init2)
 .init2         0x00000054        0xc d:/engineer programs/amit/tools/sdk_win_64/sdk_win_64/sdk_win_64/winavr/bin/../lib/gcc/avr/4.3.3/../../../../avr/lib/avr5/crtm32.o
 *(.init2)
 *(.init3)
 *(.init3)
 *(.init4)
 .init4         0x00000060       0x16 d:/engineer programs/amit/tools/sdk_win_64/sdk_win_64/sdk_win_64/winavr/bin/../lib/gcc/avr/4.3.3/avr5\libgcc.a(_copy_data.o)
                0x00000060                __do_copy_data
 .init4         0x00000076       0x10 d:/engineer programs/amit/tools/sdk_win_64/sdk_win_64/sdk_win_64/winavr/bin/../lib/gcc/avr/4.3.3/avr5\libgcc.a(_clear_bss.o)
                0x00000076                __do_clear_bss
 *(.init4)
 *(.init5)
 *(.init5)
 *(.init6)
 *(.init6)
 *(.init7)
 *(.init7)
 *(.init8)
 *(.init8)
 *(.init9)
 .init9         0x00000086        0x8 d:/engineer programs/amit/tools/sdk_win_64/sdk_win_64/sdk_win_64/winavr/bin/../lib/gcc/avr/4.3.3/../../../../avr/lib/avr5/crtm32.o
 *(.init9)
 *(.text)
 .text          0x0000008e        0x4 d:/engineer programs/amit/tools/sdk_win_64/sdk_win_64/sdk_win_64/winavr/bin/../lib/gcc/avr/4.3.3/../../../../avr/lib/avr5/crtm32.o
                0x0000008e                __bad_interrupt
                0x0000008e                __vector_17
                0x0000008e                __vector_19
                0x0000008e                __vector_18
                0x0000008e                __vector_20
 .text          0x00000092        0x0 ./MCAL/MUART/MUART_Program.o
 .text          0x00000092        0x0 ./MCAL/MTWI/MI2C_Program.o
 .text          0x00000092        0x0 ./MCAL/MTIMER2/MTIMER2_Program.o
 .text          0x00000092        0x0 ./MCAL/MTIMER1/MTIMER1_Program.o
 .text          0x00000092        0x0 ./MCAL/MTIMER0/MTIMER0_Program.o
 .text          0x00000092        0x0 ./MCAL/MSPI/MSPI_Program.o
 .text          0x00000092        0x0 ./MCAL/MGIE/MGIE_Program.o
 .text          0x00000092        0x0 ./MCAL/MEXTI/MEXTI_Program.o
 .text          0x00000092        0x0 ./MCAL/MDIO/MDIO_Program.o
 .text          0x00000092        0x0 ./MCAL/MADC/MADC_Program.o
 .text          0x00000092        0x0 ./HAL/HULTRASONIC/HULTRASONIC_Program.o
 .text          0x00000092        0x0 ./HAL/HTEMPERATURE/HTEMPERATURE_Program.o
 .text          0x00000092        0x0 ./HAL/HSTEPPER/HStepper_Program.o
 .text          0x00000092        0x0 ./HAL/HSERVO/HSERVO_Program.o
 .text          0x00000092        0x0 ./HAL/HLED/HLED_Program.o
 .text          0x00000092        0x0 ./HAL/HLDR/HLDR_Program.o
 .text          0x00000092        0x0 ./HAL/HKPD/HKPD_Program.o
 .text          0x00000092        0x0 ./HAL/HEEPROM/HEEPROM_Program.o
 .text          0x00000092        0x0 ./HAL/HDFPLAYER/HDFPLAYER_Program.o
 .text          0x00000092        0x0 ./HAL/HCLCD/HCLCD_Program.o
 .text          0x00000092        0x0 ./HAL/HBUZZER/HBUZZER_Program.o
 .text          0x00000092        0x0 ./HAL/HBUTTON/HBUTTON_Progam.o
 .text          0x00000092        0x0 ./main.o
 .text          0x00000092        0x0 d:/engineer programs/amit/tools/sdk_win_64/sdk_win_64/sdk_win_64/winavr/bin/../lib/gcc/avr/4.3.3/avr5\libgcc.a(_mulsi3.o)
 .text          0x00000092        0x0 d:/engineer programs/amit/tools/sdk_win_64/sdk_win_64/sdk_win_64/winavr/bin/../lib/gcc/avr/4.3.3/avr5\libgcc.a(_udivmodhi4.o)
 .text          0x00000092        0x0 d:/engineer programs/amit/tools/sdk_win_64/sdk_win_64/sdk_win_64/winavr/bin/../lib/gcc/avr/4.3.3/avr5\libgcc.a(_udivmodsi4.o)
 .text          0x00000092        0x0 d:/engineer programs/amit/tools/sdk_win_64/sdk_win_64/sdk_win_64/winavr/bin/../lib/gcc/avr/4.3.3/avr5\libgcc.a(_exit.o)
 .text          0x00000092        0x0 d:/engineer programs/amit/tools/sdk_win_64/sdk_win_64/sdk_win_64/winavr/bin/../lib/gcc/avr/4.3.3/avr5\libgcc.a(_copy_data.o)
 .text          0x00000092        0x0 d:/engineer programs/amit/tools/sdk_win_64/sdk_win_64/sdk_win_64/winavr/bin/../lib/gcc/avr/4.3.3/avr5\libgcc.a(_clear_bss.o)
 .text          0x00000092       0x58 d:/engineer programs/amit/tools/sdk_win_64/sdk_win_64/sdk_win_64/winavr/bin/../lib/gcc/avr/4.3.3/avr5\libgcc.a(_fixunssfsi.o)
                0x00000092                __fixunssfsi
 .text          0x000000ea      0x354 d:/engineer programs/amit/tools/sdk_win_64/sdk_win_64/sdk_win_64/winavr/bin/../lib/gcc/avr/4.3.3/avr5\libgcc.a(_addsub_sf.o)
                0x00000382                __subsf3
                0x000003e4                __addsf3
 .text          0x0000043e      0x1f4 d:/engineer programs/amit/tools/sdk_win_64/sdk_win_64/sdk_win_64/winavr/bin/../lib/gcc/avr/4.3.3/avr5\libgcc.a(_mul_sf.o)
                0x0000043e                __mulsf3
 .text          0x00000632      0x158 d:/engineer programs/amit/tools/sdk_win_64/sdk_win_64/sdk_win_64/winavr/bin/../lib/gcc/avr/4.3.3/avr5\libgcc.a(_div_sf.o)
                0x00000632                __divsf3
 .text          0x0000078a       0x60 d:/engineer programs/amit/tools/sdk_win_64/sdk_win_64/sdk_win_64/winavr/bin/../lib/gcc/avr/4.3.3/avr5\libgcc.a(_gt_sf.o)
                0x0000078a                __gtsf2
 .text          0x000007ea       0x60 d:/engineer programs/amit/tools/sdk_win_64/sdk_win_64/sdk_win_64/winavr/bin/../lib/gcc/avr/4.3.3/avr5\libgcc.a(_ge_sf.o)
                0x000007ea                __gesf2
 .text          0x0000084a       0x60 d:/engineer programs/amit/tools/sdk_win_64/sdk_win_64/sdk_win_64/winavr/bin/../lib/gcc/avr/4.3.3/avr5\libgcc.a(_lt_sf.o)
                0x0000084a                __ltsf2
 .text          0x000008aa       0xa8 d:/engineer programs/amit/tools/sdk_win_64/sdk_win_64/sdk_win_64/winavr/bin/../lib/gcc/avr/4.3.3/avr5\libgcc.a(_sf_to_si.o)
                0x000008aa                __fixsfsi
 .text          0x00000952        0x0 d:/engineer programs/amit/tools/sdk_win_64/sdk_win_64/sdk_win_64/winavr/bin/../lib/gcc/avr/4.3.3/avr5\libgcc.a(_thenan_sf.o)
 .text          0x00000952       0xf2 d:/engineer programs/amit/tools/sdk_win_64/sdk_win_64/sdk_win_64/winavr/bin/../lib/gcc/avr/4.3.3/avr5\libgcc.a(_usi_to_sf.o)
                0x00000952                __floatunsisf
 .text          0x00000a44        0x0 d:/engineer programs/amit/tools/sdk_win_64/sdk_win_64/sdk_win_64/winavr/bin/../lib/gcc/avr/4.3.3/avr5\libgcc.a(_prologue.o)
 .text          0x00000a44        0x0 d:/engineer programs/amit/tools/sdk_win_64/sdk_win_64/sdk_win_64/winavr/bin/../lib/gcc/avr/4.3.3/avr5\libgcc.a(_epilogue.o)
 .text          0x00000a44       0x9e d:/engineer programs/amit/tools/sdk_win_64/sdk_win_64/sdk_win_64/winavr/bin/../lib/gcc/avr/4.3.3/avr5\libgcc.a(_clzsi2.o)
                0x00000a44                __clzsi2
 .text          0x00000ae2      0x1aa d:/engineer programs/amit/tools/sdk_win_64/sdk_win_64/sdk_win_64/winavr/bin/../lib/gcc/avr/4.3.3/avr5\libgcc.a(_pack_sf.o)
                0x00000ae2                __pack_f
 .text          0x00000c8c       0xf0 d:/engineer programs/amit/tools/sdk_win_64/sdk_win_64/sdk_win_64/winavr/bin/../lib/gcc/avr/4.3.3/avr5\libgcc.a(_unpack_sf.o)
                0x00000c8c                __unpack_f
 .text          0x00000d7c       0xb2 d:/engineer programs/amit/tools/sdk_win_64/sdk_win_64/sdk_win_64/winavr/bin/../lib/gcc/avr/4.3.3/avr5\libgcc.a(_fpcmp_parts_sf.o)
                0x00000d7c                __fpcmp_parts_f
 .text          0x00000e2e        0x0 d:/engineer programs/amit/tools/sdk_win_64/sdk_win_64/sdk_win_64/winavr/bin/../lib/gcc/avr/4.3.3/avr5\libgcc.a(_clz.o)
                0x00000e2e                . = ALIGN (0x2)
 *(.text.*)
 .text.MUART_VidInit
                0x00000e2e       0xa2 ./MCAL/MUART/MUART_Program.o
                0x00000e2e                MUART_VidInit
 .text.MUART_VidSendChar
                0x00000ed0       0x2c ./MCAL/MUART/MUART_Program.o
                0x00000ed0                MUART_VidSendChar
 .text.MUART_vidSendString
                0x00000efc       0x52 ./MCAL/MUART/MUART_Program.o
                0x00000efc                MUART_vidSendString
 .text.MUART_uint8ReciverChar
                0x00000f4e       0x1e ./MCAL/MUART/MUART_Program.o
                0x00000f4e                MUART_uint8ReciverChar
 .text.MUART_VidSetTXCallBack
                0x00000f6c       0x24 ./MCAL/MUART/MUART_Program.o
                0x00000f6c                MUART_VidSetTXCallBack
 .text.MUART_VidSetRXCallBack
                0x00000f90       0x24 ./MCAL/MUART/MUART_Program.o
                0x00000f90                MUART_VidSetRXCallBack
 .text.MUART_VidUSART_REG_SetCallBack
                0x00000fb4       0x24 ./MCAL/MUART/MUART_Program.o
                0x00000fb4                MUART_VidUSART_REG_SetCallBack
 .text.__vector_15
                0x00000fd8       0x5a ./MCAL/MUART/MUART_Program.o
                0x00000fd8                __vector_15
 .text.__vector_13
                0x00001032       0x5a ./MCAL/MUART/MUART_Program.o
                0x00001032                __vector_13
 .text.__vector_14
                0x0000108c       0x5a ./MCAL/MUART/MUART_Program.o
                0x0000108c                __vector_14
 .text.MTWI_VidInitMaster
                0x000010e6       0x64 ./MCAL/MTWI/MI2C_Program.o
                0x000010e6                MTWI_VidInitMaster
 .text.MTWI_VidInitSalve
                0x0000114a       0x40 ./MCAL/MTWI/MI2C_Program.o
                0x0000114a                MTWI_VidInitSalve
 .text.MTWI_SendSatrtCondition
                0x0000118a       0x54 ./MCAL/MTWI/MI2C_Program.o
                0x0000118a                MTWI_SendSatrtCondition
 .text.MTWI_SendSatrtRepeatedCondition
                0x000011de       0x54 ./MCAL/MTWI/MI2C_Program.o
                0x000011de                MTWI_SendSatrtRepeatedCondition
 .text.MTWI_SendSalveAddressWithWrite
                0x00001232       0x70 ./MCAL/MTWI/MI2C_Program.o
                0x00001232                MTWI_SendSalveAddressWithWrite
 .text.MTWI_SendSalveAddressWithRead
                0x000012a2       0x70 ./MCAL/MTWI/MI2C_Program.o
                0x000012a2                MTWI_SendSalveAddressWithRead
 .text.MTWI_MasterWriteDataByte
                0x00001312       0x52 ./MCAL/MTWI/MI2C_Program.o
                0x00001312                MTWI_MasterWriteDataByte
 .text.MTWI_MasterReadDataByte
                0x00001364       0x5e ./MCAL/MTWI/MI2C_Program.o
                0x00001364                MTWI_MasterReadDataByte
 .text.MTWI_SendStopCondtion
                0x000013c2       0x2a ./MCAL/MTWI/MI2C_Program.o
                0x000013c2                MTWI_SendStopCondtion
 .text.MTIMER2_VidInit
                0x000013ec       0x62 ./MCAL/MTIMER2/MTIMER2_Program.o
                0x000013ec                MTIMER2_VidInit
 .text.MTIMER2_VidSetPreLoad
                0x0000144e       0x1c ./MCAL/MTIMER2/MTIMER2_Program.o
                0x0000144e                MTIMER2_VidSetPreLoad
 .text.MTIMER2_VidSetCTCRegister
                0x0000146a       0x1c ./MCAL/MTIMER2/MTIMER2_Program.o
                0x0000146a                MTIMER2_VidSetCTCRegister
 .text.MTIMER2_VidTIMER2_OVERFLOW_SetCallBack
                0x00001486       0x24 ./MCAL/MTIMER2/MTIMER2_Program.o
                0x00001486                MTIMER2_VidTIMER2_OVERFLOW_SetCallBack
 .text.MTIMER2_VidTIMER2_CTC_SetCallBack
                0x000014aa       0x24 ./MCAL/MTIMER2/MTIMER2_Program.o
                0x000014aa                MTIMER2_VidTIMER2_CTC_SetCallBack
 .text.__vector_4
                0x000014ce       0x5a ./MCAL/MTIMER2/MTIMER2_Program.o
                0x000014ce                __vector_4
 .text.__vector_5
                0x00001528       0x5a ./MCAL/MTIMER2/MTIMER2_Program.o
                0x00001528                __vector_5
 .text.MTIMER1_VidInit
                0x00001582       0xb6 ./MCAL/MTIMER1/MTIMER1_Program.o
                0x00001582                MTIMER1_VidInit
 .text.MTIMER1_VidInit_ICU
                0x00001638       0x2a ./MCAL/MTIMER1/MTIMER1_Program.o
                0x00001638                MTIMER1_VidInit_ICU
 .text.MTIMER1_VidICU_SelectEdge
                0x00001662       0x54 ./MCAL/MTIMER1/MTIMER1_Program.o
                0x00001662                MTIMER1_VidICU_SelectEdge
 .text.MTIMER1_VidSetPreLoad
                0x000016b6       0x24 ./MCAL/MTIMER1/MTIMER1_Program.o
                0x000016b6                MTIMER1_VidSetPreLoad
 .text.MTIMER1_VidSetCTCRegister_CHB
                0x000016da       0x24 ./MCAL/MTIMER1/MTIMER1_Program.o
                0x000016da                MTIMER1_VidSetCTCRegister_CHB
 .text.MTIMER1_VidSetCTCRegister_CHA
                0x000016fe       0x24 ./MCAL/MTIMER1/MTIMER1_Program.o
                0x000016fe                MTIMER1_VidSetCTCRegister_CHA
 .text.MTIMER1_VidSetCTCRegister_ICR1
                0x00001722       0x24 ./MCAL/MTIMER1/MTIMER1_Program.o
                0x00001722                MTIMER1_VidSetCTCRegister_ICR1
 .text.MTIMER1_VidTimer1_OverFlow_SetCallBack
                0x00001746       0x24 ./MCAL/MTIMER1/MTIMER1_Program.o
                0x00001746                MTIMER1_VidTimer1_OverFlow_SetCallBack
 .text.MTIMER1_VidTimer1_CTC_SetCallBack
                0x0000176a       0x24 ./MCAL/MTIMER1/MTIMER1_Program.o
                0x0000176a                MTIMER1_VidTimer1_CTC_SetCallBack
 .text.MTIMER1_uint32Read_ICR1
                0x0000178e       0x20 ./MCAL/MTIMER1/MTIMER1_Program.o
                0x0000178e                MTIMER1_uint32Read_ICR1
 .text.MTIMER1_VidTimer1_ICU_SetCallBack
                0x000017ae       0x24 ./MCAL/MTIMER1/MTIMER1_Program.o
                0x000017ae                MTIMER1_VidTimer1_ICU_SetCallBack
 .text.__vector_7
                0x000017d2       0x5a ./MCAL/MTIMER1/MTIMER1_Program.o
                0x000017d2                __vector_7
 .text.__vector_8
                0x0000182c       0x5a ./MCAL/MTIMER1/MTIMER1_Program.o
                0x0000182c                __vector_8
 .text.__vector_9
                0x00001886       0x5a ./MCAL/MTIMER1/MTIMER1_Program.o
                0x00001886                __vector_9
 .text.__vector_6
                0x000018e0       0x5a ./MCAL/MTIMER1/MTIMER1_Program.o
                0x000018e0                __vector_6
 .text.MTIMER0_VidInit
                0x0000193a       0x62 ./MCAL/MTIMER0/MTIMER0_Program.o
                0x0000193a                MTIMER0_VidInit
 .text.MTIMER0_uint32Read
                0x0000199c       0x14 ./MCAL/MTIMER0/MTIMER0_Program.o
                0x0000199c                MTIMER0_uint32Read
 .text.MTIMER0_VidUpdateDutyCycle
                0x000019b0       0x64 ./MCAL/MTIMER0/MTIMER0_Program.o
                0x000019b0                MTIMER0_VidUpdateDutyCycle
 .text.MTIMER0_VidSetPreLoad
                0x00001a14       0x1c ./MCAL/MTIMER0/MTIMER0_Program.o
                0x00001a14                MTIMER0_VidSetPreLoad
 .text.MTIMER0_VidSetCTCRegister
                0x00001a30       0x1c ./MCAL/MTIMER0/MTIMER0_Program.o
                0x00001a30                MTIMER0_VidSetCTCRegister
 .text.MTIMER0_VidTimerOverFlow_SetCallBack
                0x00001a4c       0x24 ./MCAL/MTIMER0/MTIMER0_Program.o
                0x00001a4c                MTIMER0_VidTimerOverFlow_SetCallBack
 .text.MTIMER0_VidTimerCTC_SetCallBack
                0x00001a70       0x24 ./MCAL/MTIMER0/MTIMER0_Program.o
                0x00001a70                MTIMER0_VidTimerCTC_SetCallBack
 .text.__vector_10
                0x00001a94       0x5a ./MCAL/MTIMER0/MTIMER0_Program.o
                0x00001a94                __vector_10
 .text.__vector_11
                0x00001aee       0x5a ./MCAL/MTIMER0/MTIMER0_Program.o
                0x00001aee                __vector_11
 .text.MSPI_VidMasterInit
                0x00001b48       0x8c ./MCAL/MSPI/MSPI_Program.o
                0x00001b48                MSPI_VidMasterInit
 .text.MSPI_VidSalveInit
                0x00001bd4       0x62 ./MCAL/MSPI/MSPI_Program.o
                0x00001bd4                MSPI_VidSalveInit
 .text.MSPI_uint8SendReceiveChar
                0x00001c36       0x3c ./MCAL/MSPI/MSPI_Program.o
                0x00001c36                MSPI_uint8SendReceiveChar
 .text.MSPI_VidSPI_SetCallBack
                0x00001c72       0x24 ./MCAL/MSPI/MSPI_Program.o
                0x00001c72                MSPI_VidSPI_SetCallBack
 .text.__vector_12
                0x00001c96       0x5a ./MCAL/MSPI/MSPI_Program.o
                0x00001c96                __vector_12
 .text.MGIE_Enable
                0x00001cf0       0x1c ./MCAL/MGIE/MGIE_Program.o
                0x00001cf0                MGIE_Enable
 .text.MGIE_Disable
                0x00001d0c       0x1c ./MCAL/MGIE/MGIE_Program.o
                0x00001d0c                MGIE_Disable
 .text.MEXTI_VidInitEXTI0
                0x00001d28       0x38 ./MCAL/MEXTI/MEXTI_Program.o
                0x00001d28                MEXTI_VidInitEXTI0
 .text.MEXTI_VidInitEXTI1
                0x00001d60       0x38 ./MCAL/MEXTI/MEXTI_Program.o
                0x00001d60                MEXTI_VidInitEXTI1
 .text.MEXTI_VidInitEXTI2
                0x00001d98       0x2a ./MCAL/MEXTI/MEXTI_Program.o
                0x00001d98                MEXTI_VidInitEXTI2
 .text.MEXTI_VidSenseControlSelect
                0x00001dc2      0x196 ./MCAL/MEXTI/MEXTI_Program.o
                0x00001dc2                MEXTI_VidSenseControlSelect
 .text.MEXTI0_VidSetCallBack
                0x00001f58       0x24 ./MCAL/MEXTI/MEXTI_Program.o
                0x00001f58                MEXTI0_VidSetCallBack
 .text.MEXTI1_VidSetCallBack
                0x00001f7c       0x24 ./MCAL/MEXTI/MEXTI_Program.o
                0x00001f7c                MEXTI1_VidSetCallBack
 .text.MEXTI2_VidSetCallBack
                0x00001fa0       0x24 ./MCAL/MEXTI/MEXTI_Program.o
                0x00001fa0                MEXTI2_VidSetCallBack
 .text.__vector_1
                0x00001fc4       0x5a ./MCAL/MEXTI/MEXTI_Program.o
                0x00001fc4                __vector_1
 .text.__vector_2
                0x0000201e       0x5a ./MCAL/MEXTI/MEXTI_Program.o
                0x0000201e                __vector_2
 .text.__vector_3
                0x00002078       0x5a ./MCAL/MEXTI/MEXTI_Program.o
                0x00002078                __vector_3
 .text.MDIO_Errorstate_SetPinDirection
                0x000020d2      0x21e ./MCAL/MDIO/MDIO_Program.o
                0x000020d2                MDIO_Errorstate_SetPinDirection
 .text.MDIO_Errorstate_SetPinValue
                0x000022f0      0x21e ./MCAL/MDIO/MDIO_Program.o
                0x000022f0                MDIO_Errorstate_SetPinValue
 .text.MDIO_Errorstate_GetPinValue
                0x0000250e      0x124 ./MCAL/MDIO/MDIO_Program.o
                0x0000250e                MDIO_Errorstate_GetPinValue
 .text.MDIO_Errorstate_SetPortDirection
                0x00002632       0xa0 ./MCAL/MDIO/MDIO_Program.o
                0x00002632                MDIO_Errorstate_SetPortDirection
 .text.MDIO_Errorstate_SetPortValue
                0x000026d2       0x90 ./MCAL/MDIO/MDIO_Program.o
                0x000026d2                MDIO_Errorstate_SetPortValue
 .text.MDIO_Errorstate_Set4MostBits
                0x00002762       0xe8 ./MCAL/MDIO/MDIO_Program.o
                0x00002762                MDIO_Errorstate_Set4MostBits
 .text.MADC_VidSingleConversion_Init
                0x0000284a       0x62 ./MCAL/MADC/MADC_Program.o
                0x0000284a                MADC_VidSingleConversion_Init
 .text.MADC_VidAutoTrigger_Init
                0x000028ac       0x36 ./MCAL/MADC/MADC_Program.o
                0x000028ac                MADC_VidAutoTrigger_Init
 .text.MADC_VidInterrupt_Enable
                0x000028e2       0x1c ./MCAL/MADC/MADC_Program.o
                0x000028e2                MADC_VidInterrupt_Enable
 .text.MADC_VidADCStartSingleConversion
                0x000028fe       0x56 ./MCAL/MADC/MADC_Program.o
                0x000028fe                MADC_VidADCStartSingleConversion
 .text.MADC_VidADCStartSingleConversion_With_Interrupt
                0x00002954       0x40 ./MCAL/MADC/MADC_Program.o
                0x00002954                MADC_VidADCStartSingleConversion_With_Interrupt
 .text.MADC_uint16Read
                0x00002994       0x3c ./MCAL/MADC/MADC_Program.o
                0x00002994                MADC_uint16Read
 .text.MADC_SetCallBack
                0x000029d0       0x24 ./MCAL/MADC/MADC_Program.o
                0x000029d0                MADC_SetCallBack
 .text.__vector_16
                0x000029f4       0x5a ./MCAL/MADC/MADC_Program.o
                0x000029f4                __vector_16
 .text.APP_TOV  0x00002a4e       0x34 ./HAL/HULTRASONIC/HULTRASONIC_Program.o
                0x00002a4e                APP_TOV
 .text.APP_ICU  0x00002a82       0x92 ./HAL/HULTRASONIC/HULTRASONIC_Program.o
                0x00002a82                APP_ICU
 .text.HULTRASONIC_VidInit
                0x00002b14       0x2a ./HAL/HULTRASONIC/HULTRASONIC_Program.o
                0x00002b14                HULTRASONIC_VidInit
 .text.HULTRASONIC_VidStart
                0x00002b3e      0x1da ./HAL/HULTRASONIC/HULTRASONIC_Program.o
                0x00002b3e                HULTRASONIC_VidStart
 .text.HULTRASONIC_GetDistance
                0x00002d18      0x278 ./HAL/HULTRASONIC/HULTRASONIC_Program.o
                0x00002d18                HULTRASONIC_GetDistance
 .text.HULTRASONIC_GetDistanceNoBlock
                0x00002f90       0xe2 ./HAL/HULTRASONIC/HULTRASONIC_Program.o
                0x00002f90                HULTRASONIC_GetDistanceNoBlock
 .text.HTEMP_VidInit
                0x00003072       0x12 ./HAL/HTEMPERATURE/HTEMPERATURE_Program.o
                0x00003072                HTEMP_VidInit
 .text.HTEMP_uintGetTemp
                0x00003084       0x96 ./HAL/HTEMPERATURE/HTEMPERATURE_Program.o
                0x00003084                HTEMP_uintGetTemp
 .text.HStepper_Init
                0x0000311a       0x36 ./HAL/HSTEPPER/HStepper_Program.o
                0x0000311a                HStepper_Init
 .text.HStepper_SetStepsDirection
                0x00003150      0xb04 ./HAL/HSTEPPER/HStepper_Program.o
                0x00003150                HStepper_SetStepsDirection
 .text.HStepper_SetSpeedDirection
                0x00003c54      0xb24 ./HAL/HSTEPPER/HStepper_Program.o
                0x00003c54                HStepper_SetSpeedDirection
 .text.HSERVO_VidInit
                0x00004778       0x22 ./HAL/HSERVO/HSERVO_Program.o
                0x00004778                HSERVO_VidInit
 .text.HSERVO_VidSetAngle
                0x0000479a       0x5c ./HAL/HSERVO/HSERVO_Program.o
                0x0000479a                HSERVO_VidSetAngle
 .text.HLED_Errorstate_Led_Init
                0x000047f6       0x38 ./HAL/HLED/HLED_Program.o
                0x000047f6                HLED_Errorstate_Led_Init
 .text.HLED_Errorstate_Led_On
                0x0000482e       0x64 ./HAL/HLED/HLED_Program.o
                0x0000482e                HLED_Errorstate_Led_On
 .text.HLED_Errorstate_Led_Off
                0x00004892       0x64 ./HAL/HLED/HLED_Program.o
                0x00004892                HLED_Errorstate_Led_Off
 .text.HLED_Errorstate_Led_Toggle
                0x000048f6       0x66 ./HAL/HLED/HLED_Program.o
                0x000048f6                HLED_Errorstate_Led_Toggle
 .text.HLDR_VidInit
                0x0000495c       0x12 ./HAL/HLDR/HLDR_Program.o
                0x0000495c                HLDR_VidInit
 .text.HLDR_uint32GetValue
                0x0000496e       0x9a ./HAL/HLDR/HLDR_Program.o
                0x0000496e                HLDR_uint32GetValue
 .text.HKPD_VidInit
                0x00004a08       0xae ./HAL/HKPD/HKPD_Program.o
                0x00004a08                HKPD_VidInit
 .text.HKPD_uint8GetPressed
                0x00004ab6      0x1a6 ./HAL/HKPD/HKPD_Program.o
                0x00004ab6                HKPD_uint8GetPressed
 .text.HEEPROM_VidSendDataByte
                0x00004c5c      0x130 ./HAL/HEEPROM/HEEPROM_Program.o
                0x00004c5c                HEEPROM_VidSendDataByte
 .text.HEEPROM_VidReadDataByte
                0x00004d8c       0x4c ./HAL/HEEPROM/HEEPROM_Program.o
                0x00004d8c                HEEPROM_VidReadDataByte
 .text.HDF_VidMP3SendCommandFrame
                0x00004dd8       0x92 ./HAL/HDFPLAYER/HDFPLAYER_Program.o
                0x00004dd8                HDF_VidMP3SendCommandFrame
 .text.HDF_VidMP3Init
                0x00004e6a      0x11c ./HAL/HDFPLAYER/HDFPLAYER_Program.o
                0x00004e6a                HDF_VidMP3Init
 .text.HDF_VidMP3Play
                0x00004f86       0x24 ./HAL/HDFPLAYER/HDFPLAYER_Program.o
                0x00004f86                HDF_VidMP3Play
 .text.HDF_VidMP3Stop
                0x00004faa       0x24 ./HAL/HDFPLAYER/HDFPLAYER_Program.o
                0x00004faa                HDF_VidMP3Stop
 .text.HDF_VidMP3Pause
                0x00004fce       0x24 ./HAL/HDFPLAYER/HDFPLAYER_Program.o
                0x00004fce                HDF_VidMP3Pause
 .text.HDF_VidMP3Reset
                0x00004ff2       0x24 ./HAL/HDFPLAYER/HDFPLAYER_Program.o
                0x00004ff2                HDF_VidMP3Reset
 .text.HDF_VidMP3PlayNextTrack
                0x00005016       0x24 ./HAL/HDFPLAYER/HDFPLAYER_Program.o
                0x00005016                HDF_VidMP3PlayNextTrack
 .text.HDF_VidMP3PlayPerviousTrack
                0x0000503a       0x24 ./HAL/HDFPLAYER/HDFPLAYER_Program.o
                0x0000503a                HDF_VidMP3PlayPerviousTrack
 .text.HDF_VidMP3PlayRandomTrack
                0x0000505e       0x24 ./HAL/HDFPLAYER/HDFPLAYER_Program.o
                0x0000505e                HDF_VidMP3PlayRandomTrack
 .text.HDF_VidMP3IncreaseVolume
                0x00005082       0x24 ./HAL/HDFPLAYER/HDFPLAYER_Program.o
                0x00005082                HDF_VidMP3IncreaseVolume
 .text.HDF_VidMP3DcreaseVolume
                0x000050a6       0x24 ./HAL/HDFPLAYER/HDFPLAYER_Program.o
                0x000050a6                HDF_VidMP3DcreaseVolume
 .text.HDF_VidMP3SelectVolume
                0x000050ca       0x52 ./HAL/HDFPLAYER/HDFPLAYER_Program.o
                0x000050ca                HDF_VidMP3SelectVolume
 .text.HDF_VidMP3PlayTrack
                0x0000511c       0x4c ./HAL/HDFPLAYER/HDFPLAYER_Program.o
                0x0000511c                HDF_VidMP3PlayTrack
 .text.HDF_VidMP3PlayTrackInfloder
                0x00005168       0x62 ./HAL/HDFPLAYER/HDFPLAYER_Program.o
                0x00005168                HDF_VidMP3PlayTrackInfloder
 .text.HAL_VidHCLCD_4BitModeWriteCommand
                0x000051ca      0x13c ./HAL/HCLCD/HCLCD_Program.o
                0x000051ca                HAL_VidHCLCD_4BitModeWriteCommand
 .text.HAL_VidHCLCD_4BitModeWriteChar
                0x00005306      0x24a ./HAL/HCLCD/HCLCD_Program.o
                0x00005306                HAL_VidHCLCD_4BitModeWriteChar
 .text.HAL_VidHCLCD_4BitModeInit
                0x00005550      0x3ec ./HAL/HCLCD/HCLCD_Program.o
                0x00005550                HAL_VidHCLCD_4BitModeInit
 .text.HAL_VidHCLCD_4BitModeSendCommand
                0x0000593c       0x26 ./HAL/HCLCD/HCLCD_Program.o
                0x0000593c                HAL_VidHCLCD_4BitModeSendCommand
 .text.HAL_VidHCLCD_4BitModeWriteString
                0x00005962       0x52 ./HAL/HCLCD/HCLCD_Program.o
                0x00005962                HAL_VidHCLCD_4BitModeWriteString
 .text.HAL_VidHCLCD_4BitModeWriteNumber
                0x000059b4       0xee ./HAL/HCLCD/HCLCD_Program.o
                0x000059b4                HAL_VidHCLCD_4BitModeWriteNumber
 .text.HAL_VidHCLCD_4BitModeSetPosition
                0x00005aa2       0x36 ./HAL/HCLCD/HCLCD_Program.o
                0x00005aa2                HAL_VidHCLCD_4BitModeSetPosition
 .text.HBUZZER_Vidinit
                0x00005ad8       0x1c ./HAL/HBUZZER/HBUZZER_Program.o
                0x00005ad8                HBUZZER_Vidinit
 .text.HBUZZER_VidBuzzerSatate
                0x00005af4       0x44 ./HAL/HBUZZER/HBUZZER_Program.o
                0x00005af4                HBUZZER_VidBuzzerSatate
 .text.HBUTTON_Errorstate_Button_Init
                0x00005b38       0x38 ./HAL/HBUTTON/HBUTTON_Progam.o
                0x00005b38                HBUTTON_Errorstate_Button_Init
 .text.HBUTTON_Errorstate_Button_Pressed
                0x00005b70       0x72 ./HAL/HBUTTON/HBUTTON_Progam.o
                0x00005b70                HBUTTON_Errorstate_Button_Pressed
 .text.APP_VidTEXTI1
                0x00005be2       0x14 ./main.o
                0x00005be2                APP_VidTEXTI1
 .text.APP_VidTEXTI0
                0x00005bf6       0x1a ./main.o
                0x00005bf6                APP_VidTEXTI0
 .text.APP_VidTOV
                0x00005c10       0x58 ./main.o
                0x00005c10                APP_VidTOV
 .text.main     0x00005c68      0x120 ./main.o
                0x00005c68                main
 .text.libgcc   0x00005d88       0x3e d:/engineer programs/amit/tools/sdk_win_64/sdk_win_64/sdk_win_64/winavr/bin/../lib/gcc/avr/4.3.3/avr5\libgcc.a(_mulsi3.o)
                0x00005d88                __mulsi3
 .text.libgcc   0x00005dc6       0x28 d:/engineer programs/amit/tools/sdk_win_64/sdk_win_64/sdk_win_64/winavr/bin/../lib/gcc/avr/4.3.3/avr5\libgcc.a(_udivmodhi4.o)
                0x00005dc6                __udivmodhi4
 .text.libgcc   0x00005dee       0x44 d:/engineer programs/amit/tools/sdk_win_64/sdk_win_64/sdk_win_64/winavr/bin/../lib/gcc/avr/4.3.3/avr5\libgcc.a(_udivmodsi4.o)
                0x00005dee                __udivmodsi4
 .text.libgcc   0x00005e32        0x0 d:/engineer programs/amit/tools/sdk_win_64/sdk_win_64/sdk_win_64/winavr/bin/../lib/gcc/avr/4.3.3/avr5\libgcc.a(_exit.o)
 .text.libgcc   0x00005e32        0x0 d:/engineer programs/amit/tools/sdk_win_64/sdk_win_64/sdk_win_64/winavr/bin/../lib/gcc/avr/4.3.3/avr5\libgcc.a(_copy_data.o)
 .text.libgcc   0x00005e32        0x0 d:/engineer programs/amit/tools/sdk_win_64/sdk_win_64/sdk_win_64/winavr/bin/../lib/gcc/avr/4.3.3/avr5\libgcc.a(_clear_bss.o)
 .text.libgcc   0x00005e32       0x38 d:/engineer programs/amit/tools/sdk_win_64/sdk_win_64/sdk_win_64/winavr/bin/../lib/gcc/avr/4.3.3/avr5\libgcc.a(_prologue.o)
                0x00005e32                __prologue_saves__
 .text.libgcc   0x00005e6a       0x36 d:/engineer programs/amit/tools/sdk_win_64/sdk_win_64/sdk_win_64/winavr/bin/../lib/gcc/avr/4.3.3/avr5\libgcc.a(_epilogue.o)
                0x00005e6a                __epilogue_restores__
                0x00005ea0                . = ALIGN (0x2)
 *(.fini9)
 .fini9         0x00005ea0        0x0 d:/engineer programs/amit/tools/sdk_win_64/sdk_win_64/sdk_win_64/winavr/bin/../lib/gcc/avr/4.3.3/avr5\libgcc.a(_exit.o)
                0x00005ea0                exit
                0x00005ea0                _exit
 *(.fini9)
 *(.fini8)
 *(.fini8)
 *(.fini7)
 *(.fini7)
 *(.fini6)
 *(.fini6)
 *(.fini5)
 *(.fini5)
 *(.fini4)
 *(.fini4)
 *(.fini3)
 *(.fini3)
 *(.fini2)
 *(.fini2)
 *(.fini1)
 *(.fini1)
 *(.fini0)
 .fini0         0x00005ea0        0x4 d:/engineer programs/amit/tools/sdk_win_64/sdk_win_64/sdk_win_64/winavr/bin/../lib/gcc/avr/4.3.3/avr5\libgcc.a(_exit.o)
 *(.fini0)
                0x00005ea4                _etext = .

.data           0x00800060      0x136 load address 0x00005ea4
                0x00800060                PROVIDE (__data_start, .)
 *(.data)
 .data          0x00800060        0x0 d:/engineer programs/amit/tools/sdk_win_64/sdk_win_64/sdk_win_64/winavr/bin/../lib/gcc/avr/4.3.3/../../../../avr/lib/avr5/crtm32.o
 .data          0x00800060        0x0 ./MCAL/MUART/MUART_Program.o
 .data          0x00800060        0x0 ./MCAL/MTWI/MI2C_Program.o
 .data          0x00800060        0x0 ./MCAL/MTIMER2/MTIMER2_Program.o
 .data          0x00800060        0x0 ./MCAL/MTIMER1/MTIMER1_Program.o
 .data          0x00800060        0x0 ./MCAL/MTIMER0/MTIMER0_Program.o
 .data          0x00800060        0x0 ./MCAL/MSPI/MSPI_Program.o
 .data          0x00800060        0x0 ./MCAL/MGIE/MGIE_Program.o
 .data          0x00800060        0x0 ./MCAL/MEXTI/MEXTI_Program.o
 .data          0x00800060        0x0 ./MCAL/MDIO/MDIO_Program.o
 .data          0x00800060        0x0 ./MCAL/MADC/MADC_Program.o
 .data          0x00800060        0x0 ./HAL/HULTRASONIC/HULTRASONIC_Program.o
 .data          0x00800060        0x0 ./HAL/HTEMPERATURE/HTEMPERATURE_Program.o
 .data          0x00800060        0x0 ./HAL/HSTEPPER/HStepper_Program.o
 .data          0x00800060        0x0 ./HAL/HSERVO/HSERVO_Program.o
 .data          0x00800060        0x0 ./HAL/HLED/HLED_Program.o
 .data          0x00800060        0x0 ./HAL/HLDR/HLDR_Program.o
 .data          0x00800060        0x0 ./HAL/HKPD/HKPD_Program.o
 .data          0x00800060        0x0 ./HAL/HEEPROM/HEEPROM_Program.o
 .data          0x00800060        0x0 ./HAL/HDFPLAYER/HDFPLAYER_Program.o
 .data          0x00800060        0x0 ./HAL/HCLCD/HCLCD_Program.o
 .data          0x00800060        0x0 ./HAL/HBUZZER/HBUZZER_Program.o
 .data          0x00800060        0x0 ./HAL/HBUTTON/HBUTTON_Progam.o
 .data          0x00800060       0x14 ./main.o
 .data          0x00800074        0x0 d:/engineer programs/amit/tools/sdk_win_64/sdk_win_64/sdk_win_64/winavr/bin/../lib/gcc/avr/4.3.3/avr5\libgcc.a(_mulsi3.o)
 .data          0x00800074        0x0 d:/engineer programs/amit/tools/sdk_win_64/sdk_win_64/sdk_win_64/winavr/bin/../lib/gcc/avr/4.3.3/avr5\libgcc.a(_udivmodhi4.o)
 .data          0x00800074        0x0 d:/engineer programs/amit/tools/sdk_win_64/sdk_win_64/sdk_win_64/winavr/bin/../lib/gcc/avr/4.3.3/avr5\libgcc.a(_udivmodsi4.o)
 .data          0x00800074        0x0 d:/engineer programs/amit/tools/sdk_win_64/sdk_win_64/sdk_win_64/winavr/bin/../lib/gcc/avr/4.3.3/avr5\libgcc.a(_exit.o)
 .data          0x00800074        0x0 d:/engineer programs/amit/tools/sdk_win_64/sdk_win_64/sdk_win_64/winavr/bin/../lib/gcc/avr/4.3.3/avr5\libgcc.a(_copy_data.o)
 .data          0x00800074        0x0 d:/engineer programs/amit/tools/sdk_win_64/sdk_win_64/sdk_win_64/winavr/bin/../lib/gcc/avr/4.3.3/avr5\libgcc.a(_clear_bss.o)
 .data          0x00800074        0x0 d:/engineer programs/amit/tools/sdk_win_64/sdk_win_64/sdk_win_64/winavr/bin/../lib/gcc/avr/4.3.3/avr5\libgcc.a(_fixunssfsi.o)
 .data          0x00800074        0x0 d:/engineer programs/amit/tools/sdk_win_64/sdk_win_64/sdk_win_64/winavr/bin/../lib/gcc/avr/4.3.3/avr5\libgcc.a(_addsub_sf.o)
 .data          0x00800074        0x0 d:/engineer programs/amit/tools/sdk_win_64/sdk_win_64/sdk_win_64/winavr/bin/../lib/gcc/avr/4.3.3/avr5\libgcc.a(_mul_sf.o)
 .data          0x00800074        0x0 d:/engineer programs/amit/tools/sdk_win_64/sdk_win_64/sdk_win_64/winavr/bin/../lib/gcc/avr/4.3.3/avr5\libgcc.a(_div_sf.o)
 .data          0x00800074        0x0 d:/engineer programs/amit/tools/sdk_win_64/sdk_win_64/sdk_win_64/winavr/bin/../lib/gcc/avr/4.3.3/avr5\libgcc.a(_gt_sf.o)
 .data          0x00800074        0x0 d:/engineer programs/amit/tools/sdk_win_64/sdk_win_64/sdk_win_64/winavr/bin/../lib/gcc/avr/4.3.3/avr5\libgcc.a(_ge_sf.o)
 .data          0x00800074        0x0 d:/engineer programs/amit/tools/sdk_win_64/sdk_win_64/sdk_win_64/winavr/bin/../lib/gcc/avr/4.3.3/avr5\libgcc.a(_lt_sf.o)
 .data          0x00800074        0x0 d:/engineer programs/amit/tools/sdk_win_64/sdk_win_64/sdk_win_64/winavr/bin/../lib/gcc/avr/4.3.3/avr5\libgcc.a(_sf_to_si.o)
 .data          0x00800074        0x8 d:/engineer programs/amit/tools/sdk_win_64/sdk_win_64/sdk_win_64/winavr/bin/../lib/gcc/avr/4.3.3/avr5\libgcc.a(_thenan_sf.o)
                0x00800074                __thenan_sf
 .data          0x0080007c        0x0 d:/engineer programs/amit/tools/sdk_win_64/sdk_win_64/sdk_win_64/winavr/bin/../lib/gcc/avr/4.3.3/avr5\libgcc.a(_usi_to_sf.o)
 .data          0x0080007c        0x0 d:/engineer programs/amit/tools/sdk_win_64/sdk_win_64/sdk_win_64/winavr/bin/../lib/gcc/avr/4.3.3/avr5\libgcc.a(_prologue.o)
 .data          0x0080007c        0x0 d:/engineer programs/amit/tools/sdk_win_64/sdk_win_64/sdk_win_64/winavr/bin/../lib/gcc/avr/4.3.3/avr5\libgcc.a(_epilogue.o)
 .data          0x0080007c        0x0 d:/engineer programs/amit/tools/sdk_win_64/sdk_win_64/sdk_win_64/winavr/bin/../lib/gcc/avr/4.3.3/avr5\libgcc.a(_clzsi2.o)
 .data          0x0080007c        0x0 d:/engineer programs/amit/tools/sdk_win_64/sdk_win_64/sdk_win_64/winavr/bin/../lib/gcc/avr/4.3.3/avr5\libgcc.a(_pack_sf.o)
 .data          0x0080007c        0x0 d:/engineer programs/amit/tools/sdk_win_64/sdk_win_64/sdk_win_64/winavr/bin/../lib/gcc/avr/4.3.3/avr5\libgcc.a(_unpack_sf.o)
 .data          0x0080007c        0x0 d:/engineer programs/amit/tools/sdk_win_64/sdk_win_64/sdk_win_64/winavr/bin/../lib/gcc/avr/4.3.3/avr5\libgcc.a(_fpcmp_parts_sf.o)
 .data          0x0080007c      0x100 d:/engineer programs/amit/tools/sdk_win_64/sdk_win_64/sdk_win_64/winavr/bin/../lib/gcc/avr/4.3.3/avr5\libgcc.a(_clz.o)
                0x0080007c                __clz_tab
 *(.data*)
 .data.KPD_uint8Values
                0x0080017c       0x10 ./HAL/HKPD/HKPD_Program.o
                0x0080017c                KPD_uint8Values
 .data.MP3Command
                0x0080018c        0xa ./HAL/HDFPLAYER/HDFPLAYER_Program.o
                0x0080018c                MP3Command
 *(.rodata)
 *(.rodata*)
 *(.gnu.linkonce.d*)
                0x00800196                . = ALIGN (0x2)
                0x00800196                _edata = .
                0x00800196                PROVIDE (__data_end, .)

.bss            0x00800196       0x1f
                0x00800196                PROVIDE (__bss_start, .)
 *(.bss)
 .bss           0x00800196        0x0 d:/engineer programs/amit/tools/sdk_win_64/sdk_win_64/sdk_win_64/winavr/bin/../lib/gcc/avr/4.3.3/../../../../avr/lib/avr5/crtm32.o
 .bss           0x00800196        0x0 ./MCAL/MUART/MUART_Program.o
 .bss           0x00800196        0x0 ./MCAL/MTWI/MI2C_Program.o
 .bss           0x00800196        0x0 ./MCAL/MTIMER2/MTIMER2_Program.o
 .bss           0x00800196        0x0 ./MCAL/MTIMER1/MTIMER1_Program.o
 .bss           0x00800196        0x0 ./MCAL/MTIMER0/MTIMER0_Program.o
 .bss           0x00800196        0x0 ./MCAL/MSPI/MSPI_Program.o
 .bss           0x00800196        0x0 ./MCAL/MGIE/MGIE_Program.o
 .bss           0x00800196        0x0 ./MCAL/MEXTI/MEXTI_Program.o
 .bss           0x00800196        0x0 ./MCAL/MDIO/MDIO_Program.o
 .bss           0x00800196        0x0 ./MCAL/MADC/MADC_Program.o
 .bss           0x00800196        0x0 ./HAL/HULTRASONIC/HULTRASONIC_Program.o
 .bss           0x00800196        0x0 ./HAL/HTEMPERATURE/HTEMPERATURE_Program.o
 .bss           0x00800196        0x0 ./HAL/HSTEPPER/HStepper_Program.o
 .bss           0x00800196        0x0 ./HAL/HSERVO/HSERVO_Program.o
 .bss           0x00800196        0x0 ./HAL/HLED/HLED_Program.o
 .bss           0x00800196        0x0 ./HAL/HLDR/HLDR_Program.o
 .bss           0x00800196        0x0 ./HAL/HKPD/HKPD_Program.o
 .bss           0x00800196        0x0 ./HAL/HEEPROM/HEEPROM_Program.o
 .bss           0x00800196        0x0 ./HAL/HDFPLAYER/HDFPLAYER_Program.o
 .bss           0x00800196        0x0 ./HAL/HCLCD/HCLCD_Program.o
 .bss           0x00800196        0x0 ./HAL/HBUZZER/HBUZZER_Program.o
 .bss           0x00800196        0x0 ./HAL/HBUTTON/HBUTTON_Progam.o
 .bss           0x00800196        0x0 ./main.o
 .bss           0x00800196        0x0 d:/engineer programs/amit/tools/sdk_win_64/sdk_win_64/sdk_win_64/winavr/bin/../lib/gcc/avr/4.3.3/avr5\libgcc.a(_mulsi3.o)
 .bss           0x00800196        0x0 d:/engineer programs/amit/tools/sdk_win_64/sdk_win_64/sdk_win_64/winavr/bin/../lib/gcc/avr/4.3.3/avr5\libgcc.a(_udivmodhi4.o)
 .bss           0x00800196        0x0 d:/engineer programs/amit/tools/sdk_win_64/sdk_win_64/sdk_win_64/winavr/bin/../lib/gcc/avr/4.3.3/avr5\libgcc.a(_udivmodsi4.o)
 .bss           0x00800196        0x0 d:/engineer programs/amit/tools/sdk_win_64/sdk_win_64/sdk_win_64/winavr/bin/../lib/gcc/avr/4.3.3/avr5\libgcc.a(_exit.o)
 .bss           0x00800196        0x0 d:/engineer programs/amit/tools/sdk_win_64/sdk_win_64/sdk_win_64/winavr/bin/../lib/gcc/avr/4.3.3/avr5\libgcc.a(_copy_data.o)
 .bss           0x00800196        0x0 d:/engineer programs/amit/tools/sdk_win_64/sdk_win_64/sdk_win_64/winavr/bin/../lib/gcc/avr/4.3.3/avr5\libgcc.a(_clear_bss.o)
 .bss           0x00800196        0x0 d:/engineer programs/amit/tools/sdk_win_64/sdk_win_64/sdk_win_64/winavr/bin/../lib/gcc/avr/4.3.3/avr5\libgcc.a(_fixunssfsi.o)
 .bss           0x00800196        0x0 d:/engineer programs/amit/tools/sdk_win_64/sdk_win_64/sdk_win_64/winavr/bin/../lib/gcc/avr/4.3.3/avr5\libgcc.a(_addsub_sf.o)
 .bss           0x00800196        0x0 d:/engineer programs/amit/tools/sdk_win_64/sdk_win_64/sdk_win_64/winavr/bin/../lib/gcc/avr/4.3.3/avr5\libgcc.a(_mul_sf.o)
 .bss           0x00800196        0x0 d:/engineer programs/amit/tools/sdk_win_64/sdk_win_64/sdk_win_64/winavr/bin/../lib/gcc/avr/4.3.3/avr5\libgcc.a(_div_sf.o)
 .bss           0x00800196        0x0 d:/engineer programs/amit/tools/sdk_win_64/sdk_win_64/sdk_win_64/winavr/bin/../lib/gcc/avr/4.3.3/avr5\libgcc.a(_gt_sf.o)
 .bss           0x00800196        0x0 d:/engineer programs/amit/tools/sdk_win_64/sdk_win_64/sdk_win_64/winavr/bin/../lib/gcc/avr/4.3.3/avr5\libgcc.a(_ge_sf.o)
 .bss           0x00800196        0x0 d:/engineer programs/amit/tools/sdk_win_64/sdk_win_64/sdk_win_64/winavr/bin/../lib/gcc/avr/4.3.3/avr5\libgcc.a(_lt_sf.o)
 .bss           0x00800196        0x0 d:/engineer programs/amit/tools/sdk_win_64/sdk_win_64/sdk_win_64/winavr/bin/../lib/gcc/avr/4.3.3/avr5\libgcc.a(_sf_to_si.o)
 .bss           0x00800196        0x0 d:/engineer programs/amit/tools/sdk_win_64/sdk_win_64/sdk_win_64/winavr/bin/../lib/gcc/avr/4.3.3/avr5\libgcc.a(_thenan_sf.o)
 .bss           0x00800196        0x0 d:/engineer programs/amit/tools/sdk_win_64/sdk_win_64/sdk_win_64/winavr/bin/../lib/gcc/avr/4.3.3/avr5\libgcc.a(_usi_to_sf.o)
 .bss           0x00800196        0x0 d:/engineer programs/amit/tools/sdk_win_64/sdk_win_64/sdk_win_64/winavr/bin/../lib/gcc/avr/4.3.3/avr5\libgcc.a(_prologue.o)
 .bss           0x00800196        0x0 d:/engineer programs/amit/tools/sdk_win_64/sdk_win_64/sdk_win_64/winavr/bin/../lib/gcc/avr/4.3.3/avr5\libgcc.a(_epilogue.o)
 .bss           0x00800196        0x0 d:/engineer programs/amit/tools/sdk_win_64/sdk_win_64/sdk_win_64/winavr/bin/../lib/gcc/avr/4.3.3/avr5\libgcc.a(_clzsi2.o)
 .bss           0x00800196        0x0 d:/engineer programs/amit/tools/sdk_win_64/sdk_win_64/sdk_win_64/winavr/bin/../lib/gcc/avr/4.3.3/avr5\libgcc.a(_pack_sf.o)
 .bss           0x00800196        0x0 d:/engineer programs/amit/tools/sdk_win_64/sdk_win_64/sdk_win_64/winavr/bin/../lib/gcc/avr/4.3.3/avr5\libgcc.a(_unpack_sf.o)
 .bss           0x00800196        0x0 d:/engineer programs/amit/tools/sdk_win_64/sdk_win_64/sdk_win_64/winavr/bin/../lib/gcc/avr/4.3.3/avr5\libgcc.a(_fpcmp_parts_sf.o)
 .bss           0x00800196        0x0 d:/engineer programs/amit/tools/sdk_win_64/sdk_win_64/sdk_win_64/winavr/bin/../lib/gcc/avr/4.3.3/avr5\libgcc.a(_clz.o)
 *(.bss*)
 .bss.Global_uint16Flag
                0x00800196        0x2 ./HAL/HULTRASONIC/HULTRASONIC_Program.o
 .bss.Global_uint32counter
                0x00800198        0x4 ./HAL/HULTRASONIC/HULTRASONIC_Program.o
 .bss.Global_uint32t1
                0x0080019c        0x4 ./HAL/HULTRASONIC/HULTRASONIC_Program.o
 .bss.Global_uint32t2
                0x008001a0        0x4 ./HAL/HULTRASONIC/HULTRASONIC_Program.o
 .bss.flag.1282
                0x008001a4        0x1 ./HAL/HLED/HLED_Program.o
 .bss.global_uint8flag
                0x008001a5        0x1 ./main.o
                0x008001a5                global_uint8flag
 .bss.global_uint8SEC
                0x008001a6        0x1 ./main.o
                0x008001a6                global_uint8SEC
 .bss.global_uint8MIN
                0x008001a7        0x1 ./main.o
                0x008001a7                global_uint8MIN
 .bss.global_uint8HOUR
                0x008001a8        0x1 ./main.o
                0x008001a8                global_uint8HOUR
 *(COMMON)
 COMMON         0x008001a9        0x2 ./MCAL/MUART/MUART_Program.o
                0x008001a9                CALLBACK
 COMMON         0x008001ab        0x2 ./MCAL/MTIMER2/MTIMER2_Program.o
                0x008001ab                MTIMER2_CALLBACK
 COMMON         0x008001ad        0x2 ./MCAL/MTIMER1/MTIMER1_Program.o
                0x008001ad                MTIMER1_CALLBACK
 COMMON         0x008001af        0x2 ./MCAL/MTIMER0/MTIMER0_Program.o
                0x008001af                MTIMER0_CALLBACK
 COMMON         0x008001b1        0x2 ./MCAL/MSPI/MSPI_Program.o
                0x008001b1                MSPI_CALLBACK
 COMMON         0x008001b3        0x2 ./MCAL/MADC/MADC_Program.o
                0x008001b3                MADC_CALLBACK
                0x008001b5                PROVIDE (__bss_end, .)
                0x00005ea4                __data_load_start = LOADADDR (.data)
                0x00005fda                __data_load_end = (__data_load_start + SIZEOF (.data))

.noinit         0x008001b5        0x0
                0x008001b5                PROVIDE (__noinit_start, .)
 *(.noinit*)
                0x008001b5                PROVIDE (__noinit_end, .)
                0x008001b5                _end = .
                0x008001b5                PROVIDE (__heap_start, .)

.eeprom         0x00810000        0x0
 *(.eeprom*)
                0x00810000                __eeprom_end = .

.fuse
 *(.fuse)
 *(.lfuse)
 *(.hfuse)
 *(.efuse)

.lock
 *(.lock*)

.signature
 *(.signature*)

.stab           0x00000000     0x79e0
 *(.stab)
 .stab          0x00000000      0x4d4 ./MCAL/MUART/MUART_Program.o
 .stab          0x000004d4      0x6c0 ./MCAL/MTWI/MI2C_Program.o
                                0x6cc (size before relaxing)
 .stab          0x00000b94      0x330 ./MCAL/MTIMER2/MTIMER2_Program.o
                                0x33c (size before relaxing)
 .stab          0x00000ec4      0x54c ./MCAL/MTIMER1/MTIMER1_Program.o
                                0x558 (size before relaxing)
 .stab          0x00001410      0x3f0 ./MCAL/MTIMER0/MTIMER0_Program.o
                                0x3fc (size before relaxing)
 .stab          0x00001800      0x330 ./MCAL/MSPI/MSPI_Program.o
                                0x33c (size before relaxing)
 .stab          0x00001b30      0x1c8 ./MCAL/MGIE/MGIE_Program.o
                                0x1d4 (size before relaxing)
 .stab          0x00001cf8      0x51c ./MCAL/MEXTI/MEXTI_Program.o
                                0x528 (size before relaxing)
 .stab          0x00002214      0x7a4 ./MCAL/MDIO/MDIO_Program.o
                                0x7b0 (size before relaxing)
 .stab          0x000029b8      0x414 ./MCAL/MADC/MADC_Program.o
                                0x420 (size before relaxing)
 .stab          0x00002dcc      0x8dc ./HAL/HULTRASONIC/HULTRASONIC_Program.o
                                0x8e8 (size before relaxing)
 .stab          0x000036a8      0x2ac ./HAL/HTEMPERATURE/HTEMPERATURE_Program.o
                                0x2b8 (size before relaxing)
 .stab          0x00003954     0x11b8 ./HAL/HSTEPPER/HStepper_Program.o
                               0x1350 (size before relaxing)
 .stab          0x00004b0c      0x24c ./HAL/HSERVO/HSERVO_Program.o
                                0x258 (size before relaxing)
 .stab          0x00004d58      0x450 ./HAL/HLED/HLED_Program.o
                                0x45c (size before relaxing)
 .stab          0x000051a8      0x2ac ./HAL/HLDR/HLDR_Program.o
                                0x2b8 (size before relaxing)
 .stab          0x00005454      0x480 ./HAL/HKPD/HKPD_Program.o
                                0x618 (size before relaxing)
 .stab          0x000058d4      0x3fc ./HAL/HEEPROM/HEEPROM_Program.o
                                0x594 (size before relaxing)
 .stab          0x00005cd0      0x90c ./HAL/HDFPLAYER/HDFPLAYER_Program.o
                                0xaa4 (size before relaxing)
 .stab          0x000065dc      0xa5c ./HAL/HCLCD/HCLCD_Program.o
                                0xbf4 (size before relaxing)
 .stab          0x00007038      0x258 ./HAL/HBUZZER/HBUZZER_Program.o
                                0x264 (size before relaxing)
 .stab          0x00007290      0x2e8 ./HAL/HBUTTON/HBUTTON_Progam.o
                                0x2f4 (size before relaxing)
 .stab          0x00007578      0x468 ./main.o
                                0x624 (size before relaxing)

.stabstr        0x00000000     0x2df8
 *(.stabstr)
 .stabstr       0x00000000     0x2df8 ./MCAL/MUART/MUART_Program.o

.stab.excl
 *(.stab.excl)

.stab.exclstr
 *(.stab.exclstr)

.stab.index
 *(.stab.index)

.stab.indexstr
 *(.stab.indexstr)

.comment
 *(.comment)

.debug
 *(.debug)

.line
 *(.line)

.debug_srcinfo
 *(.debug_srcinfo)

.debug_sfnames
 *(.debug_sfnames)

.debug_aranges  0x00000000      0x1a0
 *(.debug_aranges)
 .debug_aranges
                0x00000000       0x20 d:/engineer programs/amit/tools/sdk_win_64/sdk_win_64/sdk_win_64/winavr/bin/../lib/gcc/avr/4.3.3/avr5\libgcc.a(_fixunssfsi.o)
 .debug_aranges
                0x00000020       0x20 d:/engineer programs/amit/tools/sdk_win_64/sdk_win_64/sdk_win_64/winavr/bin/../lib/gcc/avr/4.3.3/avr5\libgcc.a(_addsub_sf.o)
 .debug_aranges
                0x00000040       0x20 d:/engineer programs/amit/tools/sdk_win_64/sdk_win_64/sdk_win_64/winavr/bin/../lib/gcc/avr/4.3.3/avr5\libgcc.a(_mul_sf.o)
 .debug_aranges
                0x00000060       0x20 d:/engineer programs/amit/tools/sdk_win_64/sdk_win_64/sdk_win_64/winavr/bin/../lib/gcc/avr/4.3.3/avr5\libgcc.a(_div_sf.o)
 .debug_aranges
                0x00000080       0x20 d:/engineer programs/amit/tools/sdk_win_64/sdk_win_64/sdk_win_64/winavr/bin/../lib/gcc/avr/4.3.3/avr5\libgcc.a(_gt_sf.o)
 .debug_aranges
                0x000000a0       0x20 d:/engineer programs/amit/tools/sdk_win_64/sdk_win_64/sdk_win_64/winavr/bin/../lib/gcc/avr/4.3.3/avr5\libgcc.a(_ge_sf.o)
 .debug_aranges
                0x000000c0       0x20 d:/engineer programs/amit/tools/sdk_win_64/sdk_win_64/sdk_win_64/winavr/bin/../lib/gcc/avr/4.3.3/avr5\libgcc.a(_lt_sf.o)
 .debug_aranges
                0x000000e0       0x20 d:/engineer programs/amit/tools/sdk_win_64/sdk_win_64/sdk_win_64/winavr/bin/../lib/gcc/avr/4.3.3/avr5\libgcc.a(_sf_to_si.o)
 .debug_aranges
                0x00000100       0x20 d:/engineer programs/amit/tools/sdk_win_64/sdk_win_64/sdk_win_64/winavr/bin/../lib/gcc/avr/4.3.3/avr5\libgcc.a(_usi_to_sf.o)
 .debug_aranges
                0x00000120       0x20 d:/engineer programs/amit/tools/sdk_win_64/sdk_win_64/sdk_win_64/winavr/bin/../lib/gcc/avr/4.3.3/avr5\libgcc.a(_clzsi2.o)
 .debug_aranges
                0x00000140       0x20 d:/engineer programs/amit/tools/sdk_win_64/sdk_win_64/sdk_win_64/winavr/bin/../lib/gcc/avr/4.3.3/avr5\libgcc.a(_pack_sf.o)
 .debug_aranges
                0x00000160       0x20 d:/engineer programs/amit/tools/sdk_win_64/sdk_win_64/sdk_win_64/winavr/bin/../lib/gcc/avr/4.3.3/avr5\libgcc.a(_unpack_sf.o)
 .debug_aranges
                0x00000180       0x20 d:/engineer programs/amit/tools/sdk_win_64/sdk_win_64/sdk_win_64/winavr/bin/../lib/gcc/avr/4.3.3/avr5\libgcc.a(_fpcmp_parts_sf.o)

.debug_pubnames
                0x00000000      0x1f2
 *(.debug_pubnames)
 .debug_pubnames
                0x00000000       0x23 d:/engineer programs/amit/tools/sdk_win_64/sdk_win_64/sdk_win_64/winavr/bin/../lib/gcc/avr/4.3.3/avr5\libgcc.a(_fixunssfsi.o)
 .debug_pubnames
                0x00000023       0x2c d:/engineer programs/amit/tools/sdk_win_64/sdk_win_64/sdk_win_64/winavr/bin/../lib/gcc/avr/4.3.3/avr5\libgcc.a(_addsub_sf.o)
 .debug_pubnames
                0x0000004f       0x1f d:/engineer programs/amit/tools/sdk_win_64/sdk_win_64/sdk_win_64/winavr/bin/../lib/gcc/avr/4.3.3/avr5\libgcc.a(_mul_sf.o)
 .debug_pubnames
                0x0000006e       0x1f d:/engineer programs/amit/tools/sdk_win_64/sdk_win_64/sdk_win_64/winavr/bin/../lib/gcc/avr/4.3.3/avr5\libgcc.a(_div_sf.o)
 .debug_pubnames
                0x0000008d       0x1e d:/engineer programs/amit/tools/sdk_win_64/sdk_win_64/sdk_win_64/winavr/bin/../lib/gcc/avr/4.3.3/avr5\libgcc.a(_gt_sf.o)
 .debug_pubnames
                0x000000ab       0x1e d:/engineer programs/amit/tools/sdk_win_64/sdk_win_64/sdk_win_64/winavr/bin/../lib/gcc/avr/4.3.3/avr5\libgcc.a(_ge_sf.o)
 .debug_pubnames
                0x000000c9       0x1e d:/engineer programs/amit/tools/sdk_win_64/sdk_win_64/sdk_win_64/winavr/bin/../lib/gcc/avr/4.3.3/avr5\libgcc.a(_lt_sf.o)
 .debug_pubnames
                0x000000e7       0x20 d:/engineer programs/amit/tools/sdk_win_64/sdk_win_64/sdk_win_64/winavr/bin/../lib/gcc/avr/4.3.3/avr5\libgcc.a(_sf_to_si.o)
 .debug_pubnames
                0x00000107       0x22 d:/engineer programs/amit/tools/sdk_win_64/sdk_win_64/sdk_win_64/winavr/bin/../lib/gcc/avr/4.3.3/avr5\libgcc.a(_thenan_sf.o)
 .debug_pubnames
                0x00000129       0x24 d:/engineer programs/amit/tools/sdk_win_64/sdk_win_64/sdk_win_64/winavr/bin/../lib/gcc/avr/4.3.3/avr5\libgcc.a(_usi_to_sf.o)
 .debug_pubnames
                0x0000014d       0x1f d:/engineer programs/amit/tools/sdk_win_64/sdk_win_64/sdk_win_64/winavr/bin/../lib/gcc/avr/4.3.3/avr5\libgcc.a(_clzsi2.o)
 .debug_pubnames
                0x0000016c       0x1f d:/engineer programs/amit/tools/sdk_win_64/sdk_win_64/sdk_win_64/winavr/bin/../lib/gcc/avr/4.3.3/avr5\libgcc.a(_pack_sf.o)
 .debug_pubnames
                0x0000018b       0x21 d:/engineer programs/amit/tools/sdk_win_64/sdk_win_64/sdk_win_64/winavr/bin/../lib/gcc/avr/4.3.3/avr5\libgcc.a(_unpack_sf.o)
 .debug_pubnames
                0x000001ac       0x26 d:/engineer programs/amit/tools/sdk_win_64/sdk_win_64/sdk_win_64/winavr/bin/../lib/gcc/avr/4.3.3/avr5\libgcc.a(_fpcmp_parts_sf.o)
 .debug_pubnames
                0x000001d2       0x20 d:/engineer programs/amit/tools/sdk_win_64/sdk_win_64/sdk_win_64/winavr/bin/../lib/gcc/avr/4.3.3/avr5\libgcc.a(_clz.o)

.debug_info     0x00000000     0x240b
 *(.debug_info)
 .debug_info    0x00000000       0xb1 d:/engineer programs/amit/tools/sdk_win_64/sdk_win_64/sdk_win_64/winavr/bin/../lib/gcc/avr/4.3.3/avr5\libgcc.a(_fixunssfsi.o)
 .debug_info    0x000000b1      0x47a d:/engineer programs/amit/tools/sdk_win_64/sdk_win_64/sdk_win_64/winavr/bin/../lib/gcc/avr/4.3.3/avr5\libgcc.a(_addsub_sf.o)
 .debug_info    0x0000052b      0x485 d:/engineer programs/amit/tools/sdk_win_64/sdk_win_64/sdk_win_64/winavr/bin/../lib/gcc/avr/4.3.3/avr5\libgcc.a(_mul_sf.o)
 .debug_info    0x000009b0      0x3fc d:/engineer programs/amit/tools/sdk_win_64/sdk_win_64/sdk_win_64/winavr/bin/../lib/gcc/avr/4.3.3/avr5\libgcc.a(_div_sf.o)
 .debug_info    0x00000dac      0x27f d:/engineer programs/amit/tools/sdk_win_64/sdk_win_64/sdk_win_64/winavr/bin/../lib/gcc/avr/4.3.3/avr5\libgcc.a(_gt_sf.o)
 .debug_info    0x0000102b      0x27f d:/engineer programs/amit/tools/sdk_win_64/sdk_win_64/sdk_win_64/winavr/bin/../lib/gcc/avr/4.3.3/avr5\libgcc.a(_ge_sf.o)
 .debug_info    0x000012aa      0x27f d:/engineer programs/amit/tools/sdk_win_64/sdk_win_64/sdk_win_64/winavr/bin/../lib/gcc/avr/4.3.3/avr5\libgcc.a(_lt_sf.o)
 .debug_info    0x00001529      0x2b0 d:/engineer programs/amit/tools/sdk_win_64/sdk_win_64/sdk_win_64/winavr/bin/../lib/gcc/avr/4.3.3/avr5\libgcc.a(_sf_to_si.o)
 .debug_info    0x000017d9      0x12c d:/engineer programs/amit/tools/sdk_win_64/sdk_win_64/sdk_win_64/winavr/bin/../lib/gcc/avr/4.3.3/avr5\libgcc.a(_thenan_sf.o)
 .debug_info    0x00001905      0x206 d:/engineer programs/amit/tools/sdk_win_64/sdk_win_64/sdk_win_64/winavr/bin/../lib/gcc/avr/4.3.3/avr5\libgcc.a(_usi_to_sf.o)
 .debug_info    0x00001b0b      0x117 d:/engineer programs/amit/tools/sdk_win_64/sdk_win_64/sdk_win_64/winavr/bin/../lib/gcc/avr/4.3.3/avr5\libgcc.a(_clzsi2.o)
 .debug_info    0x00001c22      0x2df d:/engineer programs/amit/tools/sdk_win_64/sdk_win_64/sdk_win_64/winavr/bin/../lib/gcc/avr/4.3.3/avr5\libgcc.a(_pack_sf.o)
 .debug_info    0x00001f01      0x251 d:/engineer programs/amit/tools/sdk_win_64/sdk_win_64/sdk_win_64/winavr/bin/../lib/gcc/avr/4.3.3/avr5\libgcc.a(_unpack_sf.o)
 .debug_info    0x00002152      0x210 d:/engineer programs/amit/tools/sdk_win_64/sdk_win_64/sdk_win_64/winavr/bin/../lib/gcc/avr/4.3.3/avr5\libgcc.a(_fpcmp_parts_sf.o)
 .debug_info    0x00002362       0xa9 d:/engineer programs/amit/tools/sdk_win_64/sdk_win_64/sdk_win_64/winavr/bin/../lib/gcc/avr/4.3.3/avr5\libgcc.a(_clz.o)
 *(.gnu.linkonce.wi.*)

.debug_abbrev   0x00000000     0x1386
 *(.debug_abbrev)
 .debug_abbrev  0x00000000       0x5d d:/engineer programs/amit/tools/sdk_win_64/sdk_win_64/sdk_win_64/winavr/bin/../lib/gcc/avr/4.3.3/avr5\libgcc.a(_fixunssfsi.o)
 .debug_abbrev  0x0000005d      0x1ea d:/engineer programs/amit/tools/sdk_win_64/sdk_win_64/sdk_win_64/winavr/bin/../lib/gcc/avr/4.3.3/avr5\libgcc.a(_addsub_sf.o)
 .debug_abbrev  0x00000247      0x21b d:/engineer programs/amit/tools/sdk_win_64/sdk_win_64/sdk_win_64/winavr/bin/../lib/gcc/avr/4.3.3/avr5\libgcc.a(_mul_sf.o)
 .debug_abbrev  0x00000462      0x216 d:/engineer programs/amit/tools/sdk_win_64/sdk_win_64/sdk_win_64/winavr/bin/../lib/gcc/avr/4.3.3/avr5\libgcc.a(_div_sf.o)
 .debug_abbrev  0x00000678      0x15a d:/engineer programs/amit/tools/sdk_win_64/sdk_win_64/sdk_win_64/winavr/bin/../lib/gcc/avr/4.3.3/avr5\libgcc.a(_gt_sf.o)
 .debug_abbrev  0x000007d2      0x15a d:/engineer programs/amit/tools/sdk_win_64/sdk_win_64/sdk_win_64/winavr/bin/../lib/gcc/avr/4.3.3/avr5\libgcc.a(_ge_sf.o)
 .debug_abbrev  0x0000092c      0x15a d:/engineer programs/amit/tools/sdk_win_64/sdk_win_64/sdk_win_64/winavr/bin/../lib/gcc/avr/4.3.3/avr5\libgcc.a(_lt_sf.o)
 .debug_abbrev  0x00000a86      0x17f d:/engineer programs/amit/tools/sdk_win_64/sdk_win_64/sdk_win_64/winavr/bin/../lib/gcc/avr/4.3.3/avr5\libgcc.a(_sf_to_si.o)
 .debug_abbrev  0x00000c05       0xad d:/engineer programs/amit/tools/sdk_win_64/sdk_win_64/sdk_win_64/winavr/bin/../lib/gcc/avr/4.3.3/avr5\libgcc.a(_thenan_sf.o)
 .debug_abbrev  0x00000cb2      0x157 d:/engineer programs/amit/tools/sdk_win_64/sdk_win_64/sdk_win_64/winavr/bin/../lib/gcc/avr/4.3.3/avr5\libgcc.a(_usi_to_sf.o)
 .debug_abbrev  0x00000e09       0xc4 d:/engineer programs/amit/tools/sdk_win_64/sdk_win_64/sdk_win_64/winavr/bin/../lib/gcc/avr/4.3.3/avr5\libgcc.a(_clzsi2.o)
 .debug_abbrev  0x00000ecd      0x1c0 d:/engineer programs/amit/tools/sdk_win_64/sdk_win_64/sdk_win_64/winavr/bin/../lib/gcc/avr/4.3.3/avr5\libgcc.a(_pack_sf.o)
 .debug_abbrev  0x0000108d      0x154 d:/engineer programs/amit/tools/sdk_win_64/sdk_win_64/sdk_win_64/winavr/bin/../lib/gcc/avr/4.3.3/avr5\libgcc.a(_unpack_sf.o)
 .debug_abbrev  0x000011e1      0x13b d:/engineer programs/amit/tools/sdk_win_64/sdk_win_64/sdk_win_64/winavr/bin/../lib/gcc/avr/4.3.3/avr5\libgcc.a(_fpcmp_parts_sf.o)
 .debug_abbrev  0x0000131c       0x6a d:/engineer programs/amit/tools/sdk_win_64/sdk_win_64/sdk_win_64/winavr/bin/../lib/gcc/avr/4.3.3/avr5\libgcc.a(_clz.o)

.debug_line     0x00000000     0x11d6
 *(.debug_line)
 .debug_line    0x00000000       0xa7 d:/engineer programs/amit/tools/sdk_win_64/sdk_win_64/sdk_win_64/winavr/bin/../lib/gcc/avr/4.3.3/avr5\libgcc.a(_fixunssfsi.o)
 .debug_line    0x000000a7      0x2af d:/engineer programs/amit/tools/sdk_win_64/sdk_win_64/sdk_win_64/winavr/bin/../lib/gcc/avr/4.3.3/avr5\libgcc.a(_addsub_sf.o)
 .debug_line    0x00000356      0x239 d:/engineer programs/amit/tools/sdk_win_64/sdk_win_64/sdk_win_64/winavr/bin/../lib/gcc/avr/4.3.3/avr5\libgcc.a(_mul_sf.o)
 .debug_line    0x0000058f      0x1d5 d:/engineer programs/amit/tools/sdk_win_64/sdk_win_64/sdk_win_64/winavr/bin/../lib/gcc/avr/4.3.3/avr5\libgcc.a(_div_sf.o)
 .debug_line    0x00000764       0xd3 d:/engineer programs/amit/tools/sdk_win_64/sdk_win_64/sdk_win_64/winavr/bin/../lib/gcc/avr/4.3.3/avr5\libgcc.a(_gt_sf.o)
 .debug_line    0x00000837       0xd3 d:/engineer programs/amit/tools/sdk_win_64/sdk_win_64/sdk_win_64/winavr/bin/../lib/gcc/avr/4.3.3/avr5\libgcc.a(_ge_sf.o)
 .debug_line    0x0000090a       0xd3 d:/engineer programs/amit/tools/sdk_win_64/sdk_win_64/sdk_win_64/winavr/bin/../lib/gcc/avr/4.3.3/avr5\libgcc.a(_lt_sf.o)
 .debug_line    0x000009dd      0x109 d:/engineer programs/amit/tools/sdk_win_64/sdk_win_64/sdk_win_64/winavr/bin/../lib/gcc/avr/4.3.3/avr5\libgcc.a(_sf_to_si.o)
 .debug_line    0x00000ae6       0x90 d:/engineer programs/amit/tools/sdk_win_64/sdk_win_64/sdk_win_64/winavr/bin/../lib/gcc/avr/4.3.3/avr5\libgcc.a(_thenan_sf.o)
 .debug_line    0x00000b76      0x133 d:/engineer programs/amit/tools/sdk_win_64/sdk_win_64/sdk_win_64/winavr/bin/../lib/gcc/avr/4.3.3/avr5\libgcc.a(_usi_to_sf.o)
 .debug_line    0x00000ca9       0xa5 d:/engineer programs/amit/tools/sdk_win_64/sdk_win_64/sdk_win_64/winavr/bin/../lib/gcc/avr/4.3.3/avr5\libgcc.a(_clzsi2.o)
 .debug_line    0x00000d4e      0x18a d:/engineer programs/amit/tools/sdk_win_64/sdk_win_64/sdk_win_64/winavr/bin/../lib/gcc/avr/4.3.3/avr5\libgcc.a(_pack_sf.o)
 .debug_line    0x00000ed8      0x14b d:/engineer programs/amit/tools/sdk_win_64/sdk_win_64/sdk_win_64/winavr/bin/../lib/gcc/avr/4.3.3/avr5\libgcc.a(_unpack_sf.o)
 .debug_line    0x00001023      0x137 d:/engineer programs/amit/tools/sdk_win_64/sdk_win_64/sdk_win_64/winavr/bin/../lib/gcc/avr/4.3.3/avr5\libgcc.a(_fpcmp_parts_sf.o)
 .debug_line    0x0000115a       0x7c d:/engineer programs/amit/tools/sdk_win_64/sdk_win_64/sdk_win_64/winavr/bin/../lib/gcc/avr/4.3.3/avr5\libgcc.a(_clz.o)

.debug_frame    0x00000000      0x1c0
 *(.debug_frame)
 .debug_frame   0x00000000       0x20 d:/engineer programs/amit/tools/sdk_win_64/sdk_win_64/sdk_win_64/winavr/bin/../lib/gcc/avr/4.3.3/avr5\libgcc.a(_fixunssfsi.o)
 .debug_frame   0x00000020       0x40 d:/engineer programs/amit/tools/sdk_win_64/sdk_win_64/sdk_win_64/winavr/bin/../lib/gcc/avr/4.3.3/avr5\libgcc.a(_addsub_sf.o)
 .debug_frame   0x00000060       0x20 d:/engineer programs/amit/tools/sdk_win_64/sdk_win_64/sdk_win_64/winavr/bin/../lib/gcc/avr/4.3.3/avr5\libgcc.a(_mul_sf.o)
 .debug_frame   0x00000080       0x20 d:/engineer programs/amit/tools/sdk_win_64/sdk_win_64/sdk_win_64/winavr/bin/../lib/gcc/avr/4.3.3/avr5\libgcc.a(_div_sf.o)
 .debug_frame   0x000000a0       0x20 d:/engineer programs/amit/tools/sdk_win_64/sdk_win_64/sdk_win_64/winavr/bin/../lib/gcc/avr/4.3.3/avr5\libgcc.a(_gt_sf.o)
 .debug_frame   0x000000c0       0x20 d:/engineer programs/amit/tools/sdk_win_64/sdk_win_64/sdk_win_64/winavr/bin/../lib/gcc/avr/4.3.3/avr5\libgcc.a(_ge_sf.o)
 .debug_frame   0x000000e0       0x20 d:/engineer programs/amit/tools/sdk_win_64/sdk_win_64/sdk_win_64/winavr/bin/../lib/gcc/avr/4.3.3/avr5\libgcc.a(_lt_sf.o)
 .debug_frame   0x00000100       0x20 d:/engineer programs/amit/tools/sdk_win_64/sdk_win_64/sdk_win_64/winavr/bin/../lib/gcc/avr/4.3.3/avr5\libgcc.a(_sf_to_si.o)
 .debug_frame   0x00000120       0x20 d:/engineer programs/amit/tools/sdk_win_64/sdk_win_64/sdk_win_64/winavr/bin/../lib/gcc/avr/4.3.3/avr5\libgcc.a(_usi_to_sf.o)
 .debug_frame   0x00000140       0x20 d:/engineer programs/amit/tools/sdk_win_64/sdk_win_64/sdk_win_64/winavr/bin/../lib/gcc/avr/4.3.3/avr5\libgcc.a(_clzsi2.o)
 .debug_frame   0x00000160       0x20 d:/engineer programs/amit/tools/sdk_win_64/sdk_win_64/sdk_win_64/winavr/bin/../lib/gcc/avr/4.3.3/avr5\libgcc.a(_pack_sf.o)
 .debug_frame   0x00000180       0x20 d:/engineer programs/amit/tools/sdk_win_64/sdk_win_64/sdk_win_64/winavr/bin/../lib/gcc/avr/4.3.3/avr5\libgcc.a(_unpack_sf.o)
 .debug_frame   0x000001a0       0x20 d:/engineer programs/amit/tools/sdk_win_64/sdk_win_64/sdk_win_64/winavr/bin/../lib/gcc/avr/4.3.3/avr5\libgcc.a(_fpcmp_parts_sf.o)

.debug_str      0x00000000      0x2f6
 *(.debug_str)
 .debug_str     0x00000000       0xbf d:/engineer programs/amit/tools/sdk_win_64/sdk_win_64/sdk_win_64/winavr/bin/../lib/gcc/avr/4.3.3/avr5\libgcc.a(_fixunssfsi.o)
                                 0xfe (size before relaxing)
 .debug_str     0x000000bf      0x14d d:/engineer programs/amit/tools/sdk_win_64/sdk_win_64/sdk_win_64/winavr/bin/../lib/gcc/avr/4.3.3/avr5\libgcc.a(_addsub_sf.o)
                                0x206 (size before relaxing)
 .debug_str     0x0000020c       0x27 d:/engineer programs/amit/tools/sdk_win_64/sdk_win_64/sdk_win_64/winavr/bin/../lib/gcc/avr/4.3.3/avr5\libgcc.a(_mul_sf.o)
                                0x1bf (size before relaxing)
 .debug_str     0x00000233       0x35 d:/engineer programs/amit/tools/sdk_win_64/sdk_win_64/sdk_win_64/winavr/bin/../lib/gcc/avr/4.3.3/avr5\libgcc.a(_div_sf.o)
                                0x1c8 (size before relaxing)
 .debug_str     0x00000268        0x8 d:/engineer programs/amit/tools/sdk_win_64/sdk_win_64/sdk_win_64/winavr/bin/../lib/gcc/avr/4.3.3/avr5\libgcc.a(_gt_sf.o)
                                0x195 (size before relaxing)
 .debug_str     0x00000270        0x8 d:/engineer programs/amit/tools/sdk_win_64/sdk_win_64/sdk_win_64/winavr/bin/../lib/gcc/avr/4.3.3/avr5\libgcc.a(_ge_sf.o)
                                0x195 (size before relaxing)
 .debug_str     0x00000278        0x8 d:/engineer programs/amit/tools/sdk_win_64/sdk_win_64/sdk_win_64/winavr/bin/../lib/gcc/avr/4.3.3/avr5\libgcc.a(_lt_sf.o)
                                0x195 (size before relaxing)
 .debug_str     0x00000280        0xa d:/engineer programs/amit/tools/sdk_win_64/sdk_win_64/sdk_win_64/winavr/bin/../lib/gcc/avr/4.3.3/avr5\libgcc.a(_sf_to_si.o)
                                0x19e (size before relaxing)
 .debug_str     0x00000000      0x103 d:/engineer programs/amit/tools/sdk_win_64/sdk_win_64/sdk_win_64/winavr/bin/../lib/gcc/avr/4.3.3/avr5\libgcc.a(_thenan_sf.o)
 .debug_str     0x0000028a       0x21 d:/engineer programs/amit/tools/sdk_win_64/sdk_win_64/sdk_win_64/winavr/bin/../lib/gcc/avr/4.3.3/avr5\libgcc.a(_usi_to_sf.o)
                                0x177 (size before relaxing)
 .debug_str     0x000002ab       0x20 d:/engineer programs/amit/tools/sdk_win_64/sdk_win_64/sdk_win_64/winavr/bin/../lib/gcc/avr/4.3.3/avr5\libgcc.a(_clzsi2.o)
                                0x111 (size before relaxing)
 .debug_str     0x000002cb       0x10 d:/engineer programs/amit/tools/sdk_win_64/sdk_win_64/sdk_win_64/winavr/bin/../lib/gcc/avr/4.3.3/avr5\libgcc.a(_pack_sf.o)
                                0x19d (size before relaxing)
 .debug_str     0x000002db        0xb d:/engineer programs/amit/tools/sdk_win_64/sdk_win_64/sdk_win_64/winavr/bin/../lib/gcc/avr/4.3.3/avr5\libgcc.a(_unpack_sf.o)
                                0x17f (size before relaxing)
 .debug_str     0x000002e6       0x10 d:/engineer programs/amit/tools/sdk_win_64/sdk_win_64/sdk_win_64/winavr/bin/../lib/gcc/avr/4.3.3/avr5\libgcc.a(_fpcmp_parts_sf.o)
                                0x163 (size before relaxing)
 .debug_str     0x00000000       0xf4 d:/engineer programs/amit/tools/sdk_win_64/sdk_win_64/sdk_win_64/winavr/bin/../lib/gcc/avr/4.3.3/avr5\libgcc.a(_clz.o)

.debug_loc      0x00000000      0x96e
 *(.debug_loc)
 .debug_loc     0x00000000       0x34 d:/engineer programs/amit/tools/sdk_win_64/sdk_win_64/sdk_win_64/winavr/bin/../lib/gcc/avr/4.3.3/avr5\libgcc.a(_fixunssfsi.o)
 .debug_loc     0x00000034      0x32a d:/engineer programs/amit/tools/sdk_win_64/sdk_win_64/sdk_win_64/winavr/bin/../lib/gcc/avr/4.3.3/avr5\libgcc.a(_addsub_sf.o)
 .debug_loc     0x0000035e      0x104 d:/engineer programs/amit/tools/sdk_win_64/sdk_win_64/sdk_win_64/winavr/bin/../lib/gcc/avr/4.3.3/avr5\libgcc.a(_mul_sf.o)
 .debug_loc     0x00000462       0xc0 d:/engineer programs/amit/tools/sdk_win_64/sdk_win_64/sdk_win_64/winavr/bin/../lib/gcc/avr/4.3.3/avr5\libgcc.a(_div_sf.o)
 .debug_loc     0x00000522       0x3c d:/engineer programs/amit/tools/sdk_win_64/sdk_win_64/sdk_win_64/winavr/bin/../lib/gcc/avr/4.3.3/avr5\libgcc.a(_gt_sf.o)
 .debug_loc     0x0000055e       0x3c d:/engineer programs/amit/tools/sdk_win_64/sdk_win_64/sdk_win_64/winavr/bin/../lib/gcc/avr/4.3.3/avr5\libgcc.a(_ge_sf.o)
 .debug_loc     0x0000059a       0x3c d:/engineer programs/amit/tools/sdk_win_64/sdk_win_64/sdk_win_64/winavr/bin/../lib/gcc/avr/4.3.3/avr5\libgcc.a(_lt_sf.o)
 .debug_loc     0x000005d6       0x7e d:/engineer programs/amit/tools/sdk_win_64/sdk_win_64/sdk_win_64/winavr/bin/../lib/gcc/avr/4.3.3/avr5\libgcc.a(_sf_to_si.o)
 .debug_loc     0x00000654       0x4c d:/engineer programs/amit/tools/sdk_win_64/sdk_win_64/sdk_win_64/winavr/bin/../lib/gcc/avr/4.3.3/avr5\libgcc.a(_usi_to_sf.o)
 .debug_loc     0x000006a0       0x94 d:/engineer programs/amit/tools/sdk_win_64/sdk_win_64/sdk_win_64/winavr/bin/../lib/gcc/avr/4.3.3/avr5\libgcc.a(_clzsi2.o)
 .debug_loc     0x00000734      0x13e d:/engineer programs/amit/tools/sdk_win_64/sdk_win_64/sdk_win_64/winavr/bin/../lib/gcc/avr/4.3.3/avr5\libgcc.a(_pack_sf.o)
 .debug_loc     0x00000872       0xac d:/engineer programs/amit/tools/sdk_win_64/sdk_win_64/sdk_win_64/winavr/bin/../lib/gcc/avr/4.3.3/avr5\libgcc.a(_unpack_sf.o)
 .debug_loc     0x0000091e       0x50 d:/engineer programs/amit/tools/sdk_win_64/sdk_win_64/sdk_win_64/winavr/bin/../lib/gcc/avr/4.3.3/avr5\libgcc.a(_fpcmp_parts_sf.o)

.debug_macinfo
 *(.debug_macinfo)
OUTPUT(WATCH.elf elf32-avr)
LOAD linker stubs

.debug_ranges   0x00000000       0x50
 .debug_ranges  0x00000000       0x50 d:/engineer programs/amit/tools/sdk_win_64/sdk_win_64/sdk_win_64/winavr/bin/../lib/gcc/avr/4.3.3/avr5\libgcc.a(_mul_sf.o)
